127.0.0.1 - - [11/Jan/2022:17:20:13 +0800] "GET //enterprise/attached/image/20211225/20211225134506_922.png HTTP/1.1" 404 1305 http-bio-8080-exec-14 2
127.0.0.1 - - [11/Jan/2022:17:20:13 +0800] "GET ///enterprise/attached/image/20220111/20220111155853_732.jpg HTTP/1.1" 200 85780 http-bio-8080-exec-36 1
127.0.0.1 - - [11/Jan/2022:17:20:14 +0800] "GET ///enterprise/attached/image/20220111/20220111123858_225.jpg HTTP/1.1" 200 856516 http-bio-8080-exec-25 5
127.0.0.1 - - [11/Jan/2022:17:20:14 +0800] "GET ///enterprise/attached/image/20220111/20220111123935_983.jpg HTTP/1.1" 200 314836 http-bio-8080-exec-27 1
127.0.0.1 - - [11/Jan/2022:17:20:14 +0800] "GET //enterprise/attached/image/20211225/20211225134506_922.png HTTP/1.1" 404 1305 http-bio-8080-exec-8 1
127.0.0.1 - - [11/Jan/2022:17:20:14 +0800] "GET ///enterprise/attached/image/20220111/20220111155853_732.jpg HTTP/1.1" 200 85780 http-bio-8080-exec-32 1
127.0.0.1 - - [11/Jan/2022:17:20:14 +0800] "GET ///enterprise/attached/image/20220111/20220111123935_983.jpg HTTP/1.1" 200 314836 http-bio-8080-exec-41 3
127.0.0.1 - - [11/Jan/2022:17:20:14 +0800] "GET ///enterprise/attached/image/20220111/20220111123858_225.jpg HTTP/1.1" 200 856516 http-bio-8080-exec-8 5
127.0.0.1 - - [11/Jan/2022:17:20:22 +0800] "GET //enterprise/attached/image/20211225/20211225134424_173.png HTTP/1.1" 404 1305 http-bio-8080-exec-8 2
0:0:0:0:0:0:0:1 - - [11/Jan/2022:17:20:36 +0800] "GET /enterprise/index HTTP/1.1" 200 16304 http-bio-8080-exec-31 2
127.0.0.1 - - [11/Jan/2022:17:20:36 +0800] "GET //enterprise/attached/image/20211225/20211225134506_922.png HTTP/1.1" 404 1305 http-bio-8080-exec-42 2
0:0:0:0:0:0:0:1 - - [11/Jan/2022:17:20:40 +0800] "GET /enterprise/index HTTP/1.1" 200 16304 http-bio-8080-exec-31 1
0:0:0:0:0:0:0:1 - - [11/Jan/2022:17:20:40 +0800] "GET /enterprise/resource/js/jquery.SuperSlide.2.1.1.js HTTP/1.1" 200 11422 http-bio-8080-exec-24 2
0:0:0:0:0:0:0:1 - - [11/Jan/2022:17:20:40 +0800] "GET /enterprise/resource/css/style.css HTTP/1.1" 200 4289 http-bio-8080-exec-31 3
0:0:0:0:0:0:0:1 - - [11/Jan/2022:17:20:40 +0800] "GET /enterprise/resource/js/jquery-1.9.1.min.js HTTP/1.1" 200 92633 http-bio-8080-exec-29 2
0:0:0:0:0:0:0:1 - - [11/Jan/2022:17:20:40 +0800] "GET /enterprise/resource/swiper/js/ups.js HTTP/1.1" 200 1089 http-bio-8080-exec-37 1
0:0:0:0:0:0:0:1 - - [11/Jan/2022:17:20:40 +0800] "GET /enterprise/resource/swiper/css/swiper.min.css HTTP/1.1" 200 17775 http-bio-8080-exec-29 2
0:0:0:0:0:0:0:1 - - [11/Jan/2022:17:20:40 +0800] "GET /enterprise/resource/swiper/js/swiper.min.js HTTP/1.1" 200 122735 http-bio-8080-exec-19 2
0:0:0:0:0:0:0:1 - - [11/Jan/2022:17:20:40 +0800] "GET /enterprise/resource/swiper/css/font.css HTTP/1.1" 200 145483 http-bio-8080-exec-24 2
0:0:0:0:0:0:0:1 - - [11/Jan/2022:17:20:40 +0800] "GET /enterprise/resource/swiper/css/ups.css HTTP/1.1" 200 3423 http-bio-8080-exec-38 2
0:0:0:0:0:0:0:1 - - [11/Jan/2022:17:20:40 +0800] "GET /enterprise/resource/swiper/css/zsj.min.css HTTP/1.1" 200 99983 http-bio-8080-exec-34 2
0:0:0:0:0:0:0:1 - - [11/Jan/2022:17:20:40 +0800] "GET /enterprise/resource/swiper/css/new_index_metro1.jpg HTTP/1.1" 200 73292 http-bio-8080-exec-38 2
127.0.0.1 - - [11/Jan/2022:17:20:40 +0800] "GET //enterprise/attached/image/20211225/20211225134506_922.png HTTP/1.1" 404 1305 http-bio-8080-exec-40 1
0:0:0:0:0:0:0:1 - - [11/Jan/2022:17:20:40 +0800] "GET /enterprise/resource/swiper/css/new_index_metro2.jpg HTTP/1.1" 200 528590 http-bio-8080-exec-24 4
0:0:0:0:0:0:0:1 - - [11/Jan/2022:17:20:40 +0800] "GET /enterprise/resource/swiper/css/new_index_metro3.jpg HTTP/1.1" 200 375773 http-bio-8080-exec-37 2
0:0:0:0:0:0:0:1 - - [11/Jan/2022:17:20:40 +0800] "GET /enterprise/resource/swiper/css/new_index_metro4.jpg HTTP/1.1" 200 243363 http-bio-8080-exec-27 2
127.0.0.1 - - [11/Jan/2022:17:20:40 +0800] "GET ///enterprise/attached/image/20220111/20220111155853_732.jpg HTTP/1.1" 200 85780 http-bio-8080-exec-41 2
127.0.0.1 - - [11/Jan/2022:17:20:40 +0800] "GET ///enterprise/attached/image/20220111/20220111123935_983.jpg HTTP/1.1" 200 314836 http-bio-8080-exec-35 4
127.0.0.1 - - [11/Jan/2022:17:20:40 +0800] "GET ///enterprise/attached/image/20220111/20220111123858_225.jpg HTTP/1.1" 200 856516 http-bio-8080-exec-32 9
0:0:0:0:0:0:0:1 - - [11/Jan/2022:17:20:40 +0800] "GET /enterprise/index HTTP/1.1" 200 16304 http-bio-8080-exec-24 2
0:0:0:0:0:0:0:1 - - [11/Jan/2022:17:20:40 +0800] "GET /enterprise/resource/css/style.css HTTP/1.1" 200 4289 http-bio-8080-exec-24 3
0:0:0:0:0:0:0:1 - - [11/Jan/2022:17:20:40 +0800] "GET /enterprise/resource/js/jquery.SuperSlide.2.1.1.js HTTP/1.1" 200 11422 http-bio-8080-exec-38 2
0:0:0:0:0:0:0:1 - - [11/Jan/2022:17:20:40 +0800] "GET /enterprise/resource/js/jquery-1.9.1.min.js HTTP/1.1" 200 92633 http-bio-8080-exec-27 2
0:0:0:0:0:0:0:1 - - [11/Jan/2022:17:20:40 +0800] "GET /enterprise/resource/swiper/css/swiper.min.css HTTP/1.1" 200 17775 http-bio-8080-exec-27 1
0:0:0:0:0:0:0:1 - - [11/Jan/2022:17:20:40 +0800] "GET /enterprise/resource/swiper/js/swiper.min.js HTTP/1.1" 200 122735 http-bio-8080-exec-24 1
0:0:0:0:0:0:0:1 - - [11/Jan/2022:17:20:40 +0800] "GET /enterprise/resource/swiper/css/ups.css HTTP/1.1" 200 3423 http-bio-8080-exec-34 1
0:0:0:0:0:0:0:1 - - [11/Jan/2022:17:20:40 +0800] "GET /enterprise/resource/swiper/css/font.css HTTP/1.1" 200 145483 http-bio-8080-exec-38 2
0:0:0:0:0:0:0:1 - - [11/Jan/2022:17:20:40 +0800] "GET /enterprise/resource/swiper/js/ups.js HTTP/1.1" 200 1089 http-bio-8080-exec-19 2
0:0:0:0:0:0:0:1 - - [11/Jan/2022:17:20:40 +0800] "GET /enterprise/resource/swiper/css/zsj.min.css HTTP/1.1" 200 99983 http-bio-8080-exec-29 2
0:0:0:0:0:0:0:1 - - [11/Jan/2022:17:20:40 +0800] "GET /enterprise/resource/swiper/css/new_index_metro1.jpg HTTP/1.1" 200 73292 http-bio-8080-exec-34 3
0:0:0:0:0:0:0:1 - - [11/Jan/2022:17:20:40 +0800] "GET /enterprise/resource/swiper/css/new_index_metro3.jpg HTTP/1.1" 200 375773 http-bio-8080-exec-38 2
0:0:0:0:0:0:0:1 - - [11/Jan/2022:17:20:40 +0800] "GET /enterprise/resource/swiper/css/new_index_metro2.jpg HTTP/1.1" 200 528590 http-bio-8080-exec-27 5
0:0:0:0:0:0:0:1 - - [11/Jan/2022:17:20:40 +0800] "GET /enterprise/resource/swiper/css/new_index_metro4.jpg HTTP/1.1" 200 243363 http-bio-8080-exec-29 1
127.0.0.1 - - [11/Jan/2022:17:20:40 +0800] "GET ///enterprise/attached/image/20220111/20220111155853_732.jpg HTTP/1.1" 200 85780 http-bio-8080-exec-40 2
127.0.0.1 - - [11/Jan/2022:17:20:40 +0800] "GET //enterprise/attached/image/20211225/20211225134506_922.png HTTP/1.1" 404 1305 http-bio-8080-exec-3 5
127.0.0.1 - - [11/Jan/2022:17:20:40 +0800] "GET ///enterprise/attached/image/20220111/20220111123935_983.jpg HTTP/1.1" 200 314836 http-bio-8080-exec-31 7
127.0.0.1 - - [11/Jan/2022:17:20:40 +0800] "GET ///enterprise/attached/image/20220111/20220111123858_225.jpg HTTP/1.1" 200 856516 http-bio-8080-exec-28 9
0:0:0:0:0:0:0:1 - - [11/Jan/2022:17:20:41 +0800] "GET /enterprise/index HTTP/1.1" 200 16304 http-bio-8080-exec-27 1
0:0:0:0:0:0:0:1 - - [11/Jan/2022:17:20:41 +0800] "GET /enterprise/resource/css/style.css HTTP/1.1" 200 4289 http-bio-8080-exec-27 2
0:0:0:0:0:0:0:1 - - [11/Jan/2022:17:20:41 +0800] "GET /enterprise/resource/js/jquery-1.9.1.min.js HTTP/1.1" 200 92633 http-bio-8080-exec-38 2
0:0:0:0:0:0:0:1 - - [11/Jan/2022:17:20:41 +0800] "GET /enterprise/resource/js/jquery.SuperSlide.2.1.1.js HTTP/1.1" 200 11422 http-bio-8080-exec-42 2
0:0:0:0:0:0:0:1 - - [11/Jan/2022:17:20:41 +0800] "GET /enterprise/resource/swiper/css/swiper.min.css HTTP/1.1" 200 17775 http-bio-8080-exec-38 2
0:0:0:0:0:0:0:1 - - [11/Jan/2022:17:20:41 +0800] "GET /enterprise/resource/swiper/css/ups.css HTTP/1.1" 200 3423 http-bio-8080-exec-34 2
0:0:0:0:0:0:0:1 - - [11/Jan/2022:17:20:41 +0800] "GET /enterprise/resource/swiper/js/swiper.min.js HTTP/1.1" 200 122735 http-bio-8080-exec-42 2
0:0:0:0:0:0:0:1 - - [11/Jan/2022:17:20:41 +0800] "GET /enterprise/resource/swiper/css/zsj.min.css HTTP/1.1" 200 99983 http-bio-8080-exec-19 2
0:0:0:0:0:0:0:1 - - [11/Jan/2022:17:20:41 +0800] "GET /enterprise/resource/swiper/css/font.css HTTP/1.1" 200 145483 http-bio-8080-exec-27 3
0:0:0:0:0:0:0:1 - - [11/Jan/2022:17:20:41 +0800] "GET /enterprise/resource/swiper/js/ups.js HTTP/1.1" 200 1089 http-bio-8080-exec-21 2
0:0:0:0:0:0:0:1 - - [11/Jan/2022:17:20:41 +0800] "GET /enterprise/resource/swiper/css/new_index_metro1.jpg HTTP/1.1" 200 73292 http-bio-8080-exec-42 2
0:0:0:0:0:0:0:1 - - [11/Jan/2022:17:20:41 +0800] "GET /enterprise/resource/swiper/css/new_index_metro3.jpg HTTP/1.1" 200 375773 http-bio-8080-exec-19 3
127.0.0.1 - - [11/Jan/2022:17:20:41 +0800] "GET //enterprise/attached/image/20211225/20211225134506_922.png HTTP/1.1" 404 1305 http-bio-8080-exec-40 2
0:0:0:0:0:0:0:1 - - [11/Jan/2022:17:20:41 +0800] "GET /enterprise/resource/swiper/css/new_index_metro2.jpg HTTP/1.1" 200 528590 http-bio-8080-exec-27 4
127.0.0.1 - - [11/Jan/2022:17:20:41 +0800] "GET ///enterprise/attached/image/20220111/20220111155853_732.jpg HTTP/1.1" 200 85780 http-bio-8080-exec-35 1
0:0:0:0:0:0:0:1 - - [11/Jan/2022:17:20:41 +0800] "GET /enterprise/resource/swiper/css/new_index_metro4.jpg HTTP/1.1" 200 243363 http-bio-8080-exec-21 2
127.0.0.1 - - [11/Jan/2022:17:20:41 +0800] "GET ///enterprise/attached/image/20220111/20220111123935_983.jpg HTTP/1.1" 200 314836 http-bio-8080-exec-24 2
127.0.0.1 - - [11/Jan/2022:17:20:41 +0800] "GET ///enterprise/attached/image/20220111/20220111123858_225.jpg HTTP/1.1" 200 856516 http-bio-8080-exec-30 6
0:0:0:0:0:0:0:1 - - [11/Jan/2022:17:20:41 +0800] "GET /enterprise/index HTTP/1.1" 200 16304 http-bio-8080-exec-21 1
0:0:0:0:0:0:0:1 - - [11/Jan/2022:17:20:41 +0800] "GET /enterprise/resource/js/jquery-1.9.1.min.js HTTP/1.1" 200 92633 http-bio-8080-exec-27 1
0:0:0:0:0:0:0:1 - - [11/Jan/2022:17:20:41 +0800] "GET /enterprise/resource/css/style.css HTTP/1.1" 200 4289 http-bio-8080-exec-21 1
0:0:0:0:0:0:0:1 - - [11/Jan/2022:17:20:41 +0800] "GET /enterprise/resource/js/jquery.SuperSlide.2.1.1.js HTTP/1.1" 200 11422 http-bio-8080-exec-19 1
0:0:0:0:0:0:0:1 - - [11/Jan/2022:17:20:41 +0800] "GET /enterprise/resource/swiper/css/swiper.min.css HTTP/1.1" 200 17775 http-bio-8080-exec-19 1
0:0:0:0:0:0:0:1 - - [11/Jan/2022:17:20:41 +0800] "GET /enterprise/resource/swiper/css/font.css HTTP/1.1" 200 145483 http-bio-8080-exec-27 1
0:0:0:0:0:0:0:1 - - [11/Jan/2022:17:20:41 +0800] "GET /enterprise/resource/swiper/js/swiper.min.js HTTP/1.1" 200 122735 http-bio-8080-exec-21 1
0:0:0:0:0:0:0:1 - - [11/Jan/2022:17:20:41 +0800] "GET /enterprise/resource/swiper/css/ups.css HTTP/1.1" 200 3423 http-bio-8080-exec-42 2
0:0:0:0:0:0:0:1 - - [11/Jan/2022:17:20:41 +0800] "GET /enterprise/resource/swiper/css/zsj.min.css HTTP/1.1" 200 99983 http-bio-8080-exec-34 1
0:0:0:0:0:0:0:1 - - [11/Jan/2022:17:20:41 +0800] "GET /enterprise/resource/swiper/js/ups.js HTTP/1.1" 200 1089 http-bio-8080-exec-14 1
0:0:0:0:0:0:0:1 - - [11/Jan/2022:17:20:42 +0800] "GET /enterprise/resource/swiper/css/new_index_metro1.jpg HTTP/1.1" 200 73292 http-bio-8080-exec-14 2
0:0:0:0:0:0:0:1 - - [11/Jan/2022:17:20:42 +0800] "GET /enterprise/resource/swiper/css/new_index_metro3.jpg HTTP/1.1" 200 375773 http-bio-8080-exec-27 1
0:0:0:0:0:0:0:1 - - [11/Jan/2022:17:20:42 +0800] "GET /enterprise/resource/swiper/css/new_index_metro4.jpg HTTP/1.1" 200 243363 http-bio-8080-exec-42 2
0:0:0:0:0:0:0:1 - - [11/Jan/2022:17:20:42 +0800] "GET /enterprise/resource/swiper/css/new_index_metro2.jpg HTTP/1.1" 200 528590 http-bio-8080-exec-34 4
127.0.0.1 - - [11/Jan/2022:17:20:42 +0800] "GET ///enterprise/attached/image/20220111/20220111155853_732.jpg HTTP/1.1" 200 85780 http-bio-8080-exec-28 3
127.0.0.1 - - [11/Jan/2022:17:20:42 +0800] "GET //enterprise/attached/image/20211225/20211225134506_922.png HTTP/1.1" 404 1305 http-bio-8080-exec-40 2
127.0.0.1 - - [11/Jan/2022:17:20:42 +0800] "GET ///enterprise/attached/image/20220111/20220111123935_983.jpg HTTP/1.1" 200 314836 http-bio-8080-exec-25 2
127.0.0.1 - - [11/Jan/2022:17:20:42 +0800] "GET ///enterprise/attached/image/20220111/20220111123858_225.jpg HTTP/1.1" 200 856516 http-bio-8080-exec-31 6
127.0.0.1 - - [11/Jan/2022:17:20:50 +0800] "GET //enterprise/attached/image/20211225/20211225134424_173.png HTTP/1.1" 404 1305 http-bio-8080-exec-31 4
0:0:0:0:0:0:0:1 - - [11/Jan/2022:17:22:04 +0800] "GET /enterprise/article HTTP/1.1" 200 7867 http-bio-8080-exec-19 20
127.0.0.1 - - [11/Jan/2022:17:22:04 +0800] "GET //enterprise/attached/image/20211225/20211225134506_922.png HTTP/1.1" 404 1305 http-bio-8080-exec-14 3
0:0:0:0:0:0:0:1 - - [11/Jan/2022:17:23:57 +0800] "GET /enterprise/manage/article/selectList?init=y HTTP/1.1" 200 11506 http-bio-8080-exec-27 27
0:0:0:0:0:0:0:1 - - [11/Jan/2022:17:23:57 +0800] "GET /enterprise/resource/js/jquery.tab.js HTTP/1.1" 304 - http-bio-8080-exec-27 3
0:0:0:0:0:0:0:1 - - [11/Jan/2022:17:23:57 +0800] "GET /enterprise/resource/bootstrap-3.3.5/css/bootstrap.min.css HTTP/1.1" 304 - http-bio-8080-exec-25 3
0:0:0:0:0:0:0:1 - - [11/Jan/2022:17:23:57 +0800] "GET /enterprise/resource/bootstrap-3.3.5/js/bootstrap.min.js HTTP/1.1" 304 - http-bio-8080-exec-40 3
0:0:0:0:0:0:0:1 - - [11/Jan/2022:17:23:57 +0800] "GET /enterprise/resource/bootstrap-3.3.5/js/bootstrap-modal.js HTTP/1.1" 304 - http-bio-8080-exec-42 3
0:0:0:0:0:0:0:1 - - [11/Jan/2022:17:23:57 +0800] "GET /enterprise/resource/validator/jquery.validator.css HTTP/1.1" 304 - http-bio-8080-exec-31 3
0:0:0:0:0:0:0:1 - - [11/Jan/2022:17:23:57 +0800] "GET /enterprise/resource/validator/jquery.validator.min.js HTTP/1.1" 304 - http-bio-8080-exec-27 2
0:0:0:0:0:0:0:1 - - [11/Jan/2022:17:23:57 +0800] "GET /enterprise/resource/validator/local/zh-CN.js HTTP/1.1" 304 - http-bio-8080-exec-25 2
0:0:0:0:0:0:0:1 - - [11/Jan/2022:17:23:57 +0800] "GET /enterprise/resource/jcrop/css/jquery.Jcrop.css HTTP/1.1" 304 - http-bio-8080-exec-21 4
0:0:0:0:0:0:0:1 - - [11/Jan/2022:17:23:57 +0800] "GET /enterprise/resource/ace/css/font-awesome.min.css HTTP/1.1" 304 - http-bio-8080-exec-40 3
0:0:0:0:0:0:0:1 - - [11/Jan/2022:17:23:57 +0800] "GET /enterprise/resource/ace/css/ace.min.css HTTP/1.1" 304 - http-bio-8080-exec-31 3
0:0:0:0:0:0:0:1 - - [11/Jan/2022:17:23:57 +0800] "GET /enterprise/resource/css/manageBase.css HTTP/1.1" 304 - http-bio-8080-exec-42 3
0:0:0:0:0:0:0:1 - - [11/Jan/2022:17:23:57 +0800] "GET /enterprise/resource/jcrop/js/jquery.Jcrop.js HTTP/1.1" 304 - http-bio-8080-exec-21 3
0:0:0:0:0:0:0:1 - - [11/Jan/2022:17:23:57 +0800] "GET /enterprise/resource/zTree3.5/css/zTreeStyle/zTreeStyle.css HTTP/1.1" 304 - http-bio-8080-exec-27 5
0:0:0:0:0:0:0:1 - - [11/Jan/2022:17:23:57 +0800] "GET /enterprise/resource/ace/js/ace.min.js HTTP/1.1" 304 - http-bio-8080-exec-40 5
0:0:0:0:0:0:0:1 - - [11/Jan/2022:17:23:57 +0800] "GET /enterprise/resource/kindeditor/themes/default/default.css HTTP/1.1" 304 - http-bio-8080-exec-25 6
0:0:0:0:0:0:0:1 - - [11/Jan/2022:17:23:57 +0800] "GET /enterprise/resource/ace/js/ace-extra.min.js HTTP/1.1" 304 - http-bio-8080-exec-42 2
0:0:0:0:0:0:0:1 - - [11/Jan/2022:17:23:57 +0800] "GET /enterprise/manage/user/logout HTTP/1.1" 200 4278 http-bio-8080-exec-31 3
0:0:0:0:0:0:0:1 - - [11/Jan/2022:17:23:57 +0800] "GET /enterprise/resource/metisMenu/metisMenu.min.js HTTP/1.1" 304 - http-bio-8080-exec-28 3
0:0:0:0:0:0:0:1 - - [11/Jan/2022:17:23:57 +0800] "GET /enterprise/resource/zTree3.5/js/jquery.ztree.all-3.5.min.js HTTP/1.1" 304 - http-bio-8080-exec-27 3
0:0:0:0:0:0:0:1 - - [11/Jan/2022:17:23:57 +0800] "GET /enterprise/resource/kindeditor/kindeditor-all-min.js HTTP/1.1" 304 - http-bio-8080-exec-40 2
0:0:0:0:0:0:0:1 - - [11/Jan/2022:17:23:57 +0800] "GET /enterprise/resource/kindeditor/lang/zh-CN.js HTTP/1.1" 304 - http-bio-8080-exec-25 3
0:0:0:0:0:0:0:1 - - [11/Jan/2022:17:23:57 +0800] "GET /enterprise/getVerificationCode HTTP/1.1" 200 2339 http-bio-8080-exec-25 12
0:0:0:0:0:0:0:1 - - [11/Jan/2022:17:23:57 +0800] "GET /favicon.ico HTTP/1.1" 404 - http-bio-8080-exec-25 0
0:0:0:0:0:0:0:1 - - [11/Jan/2022:17:24:14 +0800] "POST /enterprise/manage/user/login HTTP/1.1" 302 - http-bio-8080-exec-25 133
0:0:0:0:0:0:0:1 - - [11/Jan/2022:17:24:14 +0800] "GET /enterprise/manage/user/home HTTP/1.1" 200 22804 http-bio-8080-exec-25 9
127.0.0.1 - - [11/Jan/2022:17:24:14 +0800] "GET //resource/images/portrait.jpg HTTP/1.1" 404 - http-bio-8080-exec-14 0
0:0:0:0:0:0:0:1 - - [11/Jan/2022:17:24:18 +0800] "GET /enterprise/manage/article/selectList?init=y HTTP/1.1" 200 17915 http-bio-8080-exec-25 11
127.0.0.1 - - [11/Jan/2022:17:24:18 +0800] "GET //resource/images/portrait.jpg HTTP/1.1" 404 - http-bio-8080-exec-14 0
0:0:0:0:0:0:0:1 - - [11/Jan/2022:17:24:21 +0800] "GET /enterprise/manage/article/toEdit?id=18 HTTP/1.1" 200 22829 http-bio-8080-exec-25 22
127.0.0.1 - - [11/Jan/2022:17:24:21 +0800] "GET //resource/images/portrait.jpg HTTP/1.1" 404 - http-bio-8080-exec-21 0
0:0:0:0:0:0:0:1 - - [11/Jan/2022:17:24:50 +0800] "GET /enterprise/manage/article/selectList?init=y HTTP/1.1" 200 17915 http-bio-8080-exec-25 13
127.0.0.1 - - [11/Jan/2022:17:24:50 +0800] "GET //resource/images/portrait.jpg HTTP/1.1" 404 - http-bio-8080-exec-21 0
0:0:0:0:0:0:0:1 - - [11/Jan/2022:17:27:36 +0800] "GET /enterprise/manage/user/logout HTTP/1.1" 200 4278 http-bio-8080-exec-34 154
0:0:0:0:0:0:0:1 - - [11/Jan/2022:17:27:36 +0800] "GET /enterprise/getVerificationCode HTTP/1.1" 200 2320 http-bio-8080-exec-34 9
0:0:0:0:0:0:0:1 - - [11/Jan/2022:17:27:56 +0800] "POST /enterprise/manage/user/login HTTP/1.1" 302 - http-bio-8080-exec-34 109
0:0:0:0:0:0:0:1 - - [11/Jan/2022:17:27:56 +0800] "GET /enterprise/manage/user/home HTTP/1.1" 200 22804 http-bio-8080-exec-34 5
127.0.0.1 - - [11/Jan/2022:17:27:56 +0800] "GET //resource/images/portrait.jpg HTTP/1.1" 404 - http-bio-8080-exec-31 0
0:0:0:0:0:0:0:1 - - [11/Jan/2022:17:27:59 +0800] "GET /enterprise/manage/article/selectList?init=y HTTP/1.1" 200 17909 http-bio-8080-exec-34 13
127.0.0.1 - - [11/Jan/2022:17:27:59 +0800] "GET //resource/images/portrait.jpg HTTP/1.1" 404 - http-bio-8080-exec-31 0
0:0:0:0:0:0:0:1 - - [11/Jan/2022:17:28:04 +0800] "GET /enterprise/manage/article/selectList?init=y HTTP/1.1" 200 17909 http-bio-8080-exec-34 13
127.0.0.1 - - [11/Jan/2022:17:28:04 +0800] "GET //resource/images/portrait.jpg HTTP/1.1" 404 - http-bio-8080-exec-31 0
0:0:0:0:0:0:0:1 - - [11/Jan/2022:17:29:25 +0800] "GET /enterprise/manage/article/selectList?init=y HTTP/1.1" 200 17909 http-bio-8080-exec-27 11
127.0.0.1 - - [11/Jan/2022:17:29:25 +0800] "GET //resource/images/portrait.jpg HTTP/1.1" 404 - http-bio-8080-exec-25 0
0:0:0:0:0:0:0:1 - - [11/Jan/2022:17:29:29 +0800] "GET /enterprise/manage/user/logout HTTP/1.1" 200 4278 http-bio-8080-exec-27 118
0:0:0:0:0:0:0:1 - - [11/Jan/2022:17:29:29 +0800] "GET /enterprise/getVerificationCode HTTP/1.1" 200 2408 http-bio-8080-exec-27 7
0:0:0:0:0:0:0:1 - - [11/Jan/2022:17:29:41 +0800] "POST /enterprise/manage/user/login HTTP/1.1" 302 - http-bio-8080-exec-27 126
0:0:0:0:0:0:0:1 - - [11/Jan/2022:17:29:41 +0800] "GET /enterprise/manage/user/home HTTP/1.1" 200 22801 http-bio-8080-exec-27 8
127.0.0.1 - - [11/Jan/2022:17:29:41 +0800] "GET //resource/images/portrait.jpg HTTP/1.1" 404 - http-bio-8080-exec-25 0
0:0:0:0:0:0:0:1 - - [11/Jan/2022:17:29:46 +0800] "GET /enterprise/manage/indexImg/selectList HTTP/1.1" 200 19933 http-bio-8080-exec-27 9
127.0.0.1 - - [11/Jan/2022:17:29:46 +0800] "GET //resource/images/portrait.jpg HTTP/1.1" 404 - http-bio-8080-exec-31 0
0:0:0:0:0:0:0:1 - - [11/Jan/2022:17:29:51 +0800] "GET /enterprise/manage/article/selectList?init=y HTTP/1.1" 200 17906 http-bio-8080-exec-27 13
127.0.0.1 - - [11/Jan/2022:17:29:51 +0800] "GET //resource/images/portrait.jpg HTTP/1.1" 404 - http-bio-8080-exec-31 0
0:0:0:0:0:0:0:1 - - [11/Jan/2022:17:29:54 +0800] "GET /enterprise/manage/articleCategory/selectList?init=y HTTP/1.1" 200 15928 http-bio-8080-exec-27 19
127.0.0.1 - - [11/Jan/2022:17:29:54 +0800] "GET //resource/images/portrait.jpg HTTP/1.1" 404 - http-bio-8080-exec-31 0
0:0:0:0:0:0:0:1 - - [11/Jan/2022:17:30:32 +0800] "GET /enterprise/manage/service/selectList HTTP/1.1" 200 18536 http-bio-8080-exec-27 277
127.0.0.1 - - [11/Jan/2022:17:30:32 +0800] "GET //resource/images/portrait.jpg HTTP/1.1" 404 - http-bio-8080-exec-31 0
0:0:0:0:0:0:0:1 - - [11/Jan/2022:17:30:41 +0800] "GET /enterprise/manage/articleCategory/selectList?init=y HTTP/1.1" 200 15928 http-bio-8080-exec-27 11
127.0.0.1 - - [11/Jan/2022:17:30:41 +0800] "GET //resource/images/portrait.jpg HTTP/1.1" 404 - http-bio-8080-exec-31 0
0:0:0:0:0:0:0:1 - - [11/Jan/2022:17:32:10 +0800] "GET /enterprise/manage/articleCategory/selectList?init=y HTTP/1.1" 200 15928 http-bio-8080-exec-14 12
127.0.0.1 - - [11/Jan/2022:17:32:10 +0800] "GET //resource/images/portrait.jpg HTTP/1.1" 404 - http-bio-8080-exec-42 0
0:0:0:0:0:0:0:1 - - [11/Jan/2022:17:32:14 +0800] "GET /enterprise/manage/user/logout HTTP/1.1" 200 4278 http-bio-8080-exec-14 112
0:0:0:0:0:0:0:1 - - [11/Jan/2022:17:32:14 +0800] "GET /enterprise/getVerificationCode HTTP/1.1" 200 2434 http-bio-8080-exec-19 9
0:0:0:0:0:0:0:1 - - [11/Jan/2022:17:32:24 +0800] "POST /enterprise/manage/user/login HTTP/1.1" 302 - http-bio-8080-exec-19 132
0:0:0:0:0:0:0:1 - - [11/Jan/2022:17:32:24 +0800] "GET /enterprise/manage/user/home HTTP/1.1" 200 25471 http-bio-8080-exec-19 9
0:0:0:0:0:0:0:1 - - [11/Jan/2022:17:32:24 +0800] "GET /enterprise/attached/headPortrait/20220107/164153500483238715786.jpg HTTP/1.1" 304 - http-bio-8080-exec-27 3
0:0:0:0:0:0:0:1 - - [11/Jan/2022:17:32:29 +0800] "GET /enterprise/manage/articleCategory/selectList?init=y HTTP/1.1" 200 18592 http-bio-8080-exec-27 12
0:0:0:0:0:0:0:1 - - [11/Jan/2022:17:32:37 +0800] "GET /enterprise/manage/article/selectList?init=y HTTP/1.1" 200 20570 http-bio-8080-exec-27 11
0:0:0:0:0:0:0:1 - - [11/Jan/2022:17:32:40 +0800] "GET /enterprise/manage/article/toEdit?id=18 HTTP/1.1" 200 25490 http-bio-8080-exec-21 11
0:0:0:0:0:0:0:1 - - [11/Jan/2022:17:32:57 +0800] "GET /enterprise/manage/articleCategory/selectList?init=y HTTP/1.1" 200 18592 http-bio-8080-exec-21 14
0:0:0:0:0:0:0:1 - - [11/Jan/2022:17:36:41 +0800] "GET /enterprise/index HTTP/1.1" 200 16304 http-bio-8080-exec-1 116
127.0.0.1 - - [11/Jan/2022:17:36:41 +0800] "GET //enterprise/attached/image/20211225/20211225134506_922.png HTTP/1.1" 404 1305 http-bio-8080-exec-4 13
0:0:0:0:0:0:0:1 - - [11/Jan/2022:17:37:51 +0800] "GET /enterprise/index HTTP/1.1" 200 16324 http-bio-8080-exec-6 739
127.0.0.1 - - [11/Jan/2022:17:37:51 +0800] "GET //enterprise/attached/image/20211225/20211225134506_922.png HTTP/1.1" 404 1305 http-bio-8080-exec-9 12
0:0:0:0:0:0:0:1 - - [11/Jan/2022:17:39:20 +0800] "GET /enterprise/index HTTP/1.1" 200 16345 http-bio-8080-exec-1 125
127.0.0.1 - - [11/Jan/2022:17:39:20 +0800] "GET //enterprise/attached/image/20211225/20211225134506_922.png HTTP/1.1" 404 1305 http-bio-8080-exec-2 3
0:0:0:0:0:0:0:1 - - [11/Jan/2022:17:40:36 +0800] "GET /enterprise/resource/swiper/js/swiper.min.js.map HTTP/1.1" 404 1305 http-bio-8080-exec-6 4
0:0:0:0:0:0:0:1 - - [11/Jan/2022:17:43:50 +0800] "GET /enterprise/index HTTP/1.1" 200 16345 http-bio-8080-exec-10 7
127.0.0.1 - - [11/Jan/2022:17:43:50 +0800] "GET //enterprise/attached/image/20211225/20211225134506_922.png HTTP/1.1" 404 1305 http-bio-8080-exec-5 3
0:0:0:0:0:0:0:1 - - [11/Jan/2022:17:43:56 +0800] "GET /enterprise/resource/swiper/js/swiper.min.js.map HTTP/1.1" 404 1305 http-bio-8080-exec-10 4
0:0:0:0:0:0:0:1 - - [11/Jan/2022:17:45:05 +0800] "GET /enterprise/index HTTP/1.1" 200 16344 http-bio-8080-exec-4 119
127.0.0.1 - - [11/Jan/2022:17:45:05 +0800] "GET //enterprise/attached/image/20211225/20211225134506_922.png HTTP/1.1" 404 1305 http-bio-8080-exec-6 7
0:0:0:0:0:0:0:1 - - [11/Jan/2022:17:45:24 +0800] "GET /enterprise/index HTTP/1.1" 200 16344 http-bio-8080-exec-4 110
127.0.0.1 - - [11/Jan/2022:17:45:24 +0800] "GET //enterprise/attached/image/20211225/20211225134506_922.png HTTP/1.1" 404 1305 http-bio-8080-exec-5 7
0:0:0:0:0:0:0:1 - - [11/Jan/2022:17:45:41 +0800] "GET /enterprise/index HTTP/1.1" 200 16344 http-bio-8080-exec-4 102
127.0.0.1 - - [11/Jan/2022:17:45:41 +0800] "GET //enterprise/attached/image/20211225/20211225134506_922.png HTTP/1.1" 404 1305 http-bio-8080-exec-10 3
0:0:0:0:0:0:0:1 - - [11/Jan/2022:17:46:02 +0800] "GET /enterprise/index HTTP/1.1" 200 16345 http-bio-8080-exec-4 92
127.0.0.1 - - [11/Jan/2022:17:46:02 +0800] "GET //enterprise/attached/image/20211225/20211225134506_922.png HTTP/1.1" 404 1305 http-bio-8080-exec-6 3
0:0:0:0:0:0:0:1 - - [11/Jan/2022:17:46:09 +0800] "GET /enterprise/index HTTP/1.1" 200 16345 http-bio-8080-exec-4 5
127.0.0.1 - - [11/Jan/2022:17:46:09 +0800] "GET //enterprise/attached/image/20211225/20211225134506_922.png HTTP/1.1" 404 1305 http-bio-8080-exec-7 6
0:0:0:0:0:0:0:1 - - [11/Jan/2022:17:46:28 +0800] "GET /enterprise/resource/swiper/js/swiper.min.js.map HTTP/1.1" 404 1305 http-bio-8080-exec-4 4
0:0:0:0:0:0:0:1 - - [11/Jan/2022:17:47:25 +0800] "GET /enterprise/index HTTP/1.1" 200 16346 http-bio-8080-exec-4 98
127.0.0.1 - - [11/Jan/2022:17:47:25 +0800] "GET //enterprise/attached/image/20211225/20211225134506_922.png HTTP/1.1" 404 1305 http-bio-8080-exec-6 5
0:0:0:0:0:0:0:1 - - [11/Jan/2022:17:47:43 +0800] "GET /enterprise/index HTTP/1.1" 200 16346 http-bio-8080-exec-4 94
127.0.0.1 - - [11/Jan/2022:17:47:43 +0800] "GET //enterprise/attached/image/20211225/20211225134506_922.png HTTP/1.1" 404 1305 http-bio-8080-exec-9 3
0:0:0:0:0:0:0:1 - - [11/Jan/2022:17:49:50 +0800] "GET /enterprise/index HTTP/1.1" 200 16344 http-bio-8080-exec-10 92
0:0:0:0:0:0:0:1 - - [11/Jan/2022:17:49:57 +0800] "GET /enterprise/index HTTP/1.1" 200 16344 http-bio-8080-exec-10 4
0:0:0:0:0:0:0:1 - - [11/Jan/2022:17:49:57 +0800] "GET /enterprise/resource/css/style.css HTTP/1.1" 200 4289 http-bio-8080-exec-10 10
0:0:0:0:0:0:0:1 - - [11/Jan/2022:17:49:57 +0800] "GET /enterprise/resource/js/jquery.SuperSlide.2.1.1.js HTTP/1.1" 200 11422 http-bio-8080-exec-6 9
0:0:0:0:0:0:0:1 - - [11/Jan/2022:17:49:57 +0800] "GET /enterprise/resource/js/jquery-1.9.1.min.js HTTP/1.1" 200 92633 http-bio-8080-exec-2 9
0:0:0:0:0:0:0:1 - - [11/Jan/2022:17:49:57 +0800] "GET /enterprise/resource/swiper/css/swiper.min.css HTTP/1.1" 200 17775 http-bio-8080-exec-2 7
0:0:0:0:0:0:0:1 - - [11/Jan/2022:17:49:57 +0800] "GET /enterprise/resource/swiper/css/font.css HTTP/1.1" 200 145483 http-bio-8080-exec-6 5
0:0:0:0:0:0:0:1 - - [11/Jan/2022:17:49:57 +0800] "GET /enterprise/resource/swiper/css/ups.css HTTP/1.1" 200 3423 http-bio-8080-exec-8 3
0:0:0:0:0:0:0:1 - - [11/Jan/2022:17:49:57 +0800] "GET /enterprise/resource/swiper/js/swiper.min.js HTTP/1.1" 200 122735 http-bio-8080-exec-10 5
0:0:0:0:0:0:0:1 - - [11/Jan/2022:17:49:57 +0800] "GET /enterprise/resource/swiper/css/zsj.min.css HTTP/1.1" 200 99983 http-bio-8080-exec-4 6
0:0:0:0:0:0:0:1 - - [11/Jan/2022:17:49:57 +0800] "GET /enterprise/resource/swiper/js/ups.js HTTP/1.1" 200 1089 http-bio-8080-exec-3 4
0:0:0:0:0:0:0:1 - - [11/Jan/2022:17:49:57 +0800] "GET /enterprise/resource/swiper/css/new_index_metro1.jpg HTTP/1.1" 200 73292 http-bio-8080-exec-6 4
0:0:0:0:0:0:0:1 - - [11/Jan/2022:17:49:57 +0800] "GET /enterprise/resource/swiper/css/new_index_metro2.jpg HTTP/1.1" 200 528590 http-bio-8080-exec-10 8
0:0:0:0:0:0:0:1 - - [11/Jan/2022:17:49:57 +0800] "GET /enterprise/resource/swiper/css/new_index_metro3.jpg HTTP/1.1" 200 375773 http-bio-8080-exec-2 5
0:0:0:0:0:0:0:1 - - [11/Jan/2022:17:49:57 +0800] "GET /enterprise/resource/swiper/css/new_index_metro4.jpg HTTP/1.1" 200 243363 http-bio-8080-exec-3 6
0:0:0:0:0:0:0:1 - - [11/Jan/2022:17:49:57 +0800] "GET /enterprise/index HTTP/1.1" 200 16344 http-bio-8080-exec-2 1
0:0:0:0:0:0:0:1 - - [11/Jan/2022:17:49:57 +0800] "GET /enterprise/resource/css/style.css HTTP/1.1" 200 4289 http-bio-8080-exec-2 2
0:0:0:0:0:0:0:1 - - [11/Jan/2022:17:49:57 +0800] "GET /enterprise/resource/js/jquery-1.9.1.min.js HTTP/1.1" 200 92633 http-bio-8080-exec-10 2
0:0:0:0:0:0:0:1 - - [11/Jan/2022:17:49:57 +0800] "GET /enterprise/resource/js/jquery.SuperSlide.2.1.1.js HTTP/1.1" 200 11422 http-bio-8080-exec-5 2
0:0:0:0:0:0:0:1 - - [11/Jan/2022:17:49:57 +0800] "GET /enterprise/resource/swiper/css/swiper.min.css HTTP/1.1" 200 17775 http-bio-8080-exec-5 3
0:0:0:0:0:0:0:1 - - [11/Jan/2022:17:49:57 +0800] "GET /enterprise/resource/swiper/js/swiper.min.js HTTP/1.1" 200 122735 http-bio-8080-exec-10 3
0:0:0:0:0:0:0:1 - - [11/Jan/2022:17:49:57 +0800] "GET /enterprise/resource/swiper/css/ups.css HTTP/1.1" 200 3423 http-bio-8080-exec-6 2
0:0:0:0:0:0:0:1 - - [11/Jan/2022:17:49:57 +0800] "GET /enterprise/resource/swiper/css/font.css HTTP/1.1" 200 145483 http-bio-8080-exec-2 2
0:0:0:0:0:0:0:1 - - [11/Jan/2022:17:49:57 +0800] "GET /enterprise/resource/swiper/js/ups.js HTTP/1.1" 200 1089 http-bio-8080-exec-1 2
0:0:0:0:0:0:0:1 - - [11/Jan/2022:17:49:57 +0800] "GET /enterprise/resource/swiper/css/zsj.min.css HTTP/1.1" 200 99983 http-bio-8080-exec-4 2
0:0:0:0:0:0:0:1 - - [11/Jan/2022:17:49:57 +0800] "GET /enterprise/resource/swiper/css/new_index_metro1.jpg HTTP/1.1" 200 73292 http-bio-8080-exec-6 3
0:0:0:0:0:0:0:1 - - [11/Jan/2022:17:49:57 +0800] "GET /enterprise/resource/swiper/css/new_index_metro2.jpg HTTP/1.1" 200 528590 http-bio-8080-exec-1 5
0:0:0:0:0:0:0:1 - - [11/Jan/2022:17:49:57 +0800] "GET /enterprise/resource/swiper/css/new_index_metro3.jpg HTTP/1.1" 200 375773 http-bio-8080-exec-4 4
0:0:0:0:0:0:0:1 - - [11/Jan/2022:17:49:57 +0800] "GET /enterprise/resource/swiper/css/new_index_metro4.jpg HTTP/1.1" 200 243363 http-bio-8080-exec-2 4
0:0:0:0:0:0:0:1 - - [11/Jan/2022:17:49:57 +0800] "GET /enterprise/index HTTP/1.1" 200 16344 http-bio-8080-exec-1 1
0:0:0:0:0:0:0:1 - - [11/Jan/2022:17:49:57 +0800] "GET /enterprise/resource/js/jquery.SuperSlide.2.1.1.js HTTP/1.1" 200 11422 http-bio-8080-exec-2 0
0:0:0:0:0:0:0:1 - - [11/Jan/2022:17:49:57 +0800] "GET /enterprise/resource/css/style.css HTTP/1.1" 200 4289 http-bio-8080-exec-1 2
0:0:0:0:0:0:0:1 - - [11/Jan/2022:17:49:57 +0800] "GET /enterprise/resource/js/jquery-1.9.1.min.js HTTP/1.1" 200 92633 http-bio-8080-exec-7 2
0:0:0:0:0:0:0:1 - - [11/Jan/2022:17:49:58 +0800] "GET /enterprise/resource/swiper/css/ups.css HTTP/1.1" 200 3423 http-bio-8080-exec-6 4
0:0:0:0:0:0:0:1 - - [11/Jan/2022:17:49:58 +0800] "GET /enterprise/resource/swiper/js/ups.js HTTP/1.1" 200 1089 http-bio-8080-exec-5 4
0:0:0:0:0:0:0:1 - - [11/Jan/2022:17:49:58 +0800] "GET /enterprise/resource/swiper/css/zsj.min.css HTTP/1.1" 200 99983 http-bio-8080-exec-10 4
0:0:0:0:0:0:0:1 - - [11/Jan/2022:17:49:58 +0800] "GET /enterprise/resource/swiper/css/swiper.min.css HTTP/1.1" 200 17775 http-bio-8080-exec-4 4
0:0:0:0:0:0:0:1 - - [11/Jan/2022:17:49:58 +0800] "GET /enterprise/resource/swiper/js/swiper.min.js HTTP/1.1" 200 122735 http-bio-8080-exec-2 4
0:0:0:0:0:0:0:1 - - [11/Jan/2022:17:49:58 +0800] "GET /enterprise/resource/swiper/css/font.css HTTP/1.1" 200 145483 http-bio-8080-exec-3 4
0:0:0:0:0:0:0:1 - - [11/Jan/2022:17:49:58 +0800] "GET /enterprise/resource/swiper/css/new_index_metro1.jpg HTTP/1.1" 200 73292 http-bio-8080-exec-3 2
0:0:0:0:0:0:0:1 - - [11/Jan/2022:17:49:58 +0800] "GET /enterprise/resource/swiper/css/new_index_metro3.jpg HTTP/1.1" 200 375773 http-bio-8080-exec-10 4
0:0:0:0:0:0:0:1 - - [11/Jan/2022:17:49:58 +0800] "GET /enterprise/resource/swiper/css/new_index_metro2.jpg HTTP/1.1" 200 528590 http-bio-8080-exec-1 8
0:0:0:0:0:0:0:1 - - [11/Jan/2022:17:49:58 +0800] "GET /enterprise/resource/swiper/css/new_index_metro4.jpg HTTP/1.1" 200 243363 http-bio-8080-exec-4 3
0:0:0:0:0:0:0:1 - - [11/Jan/2022:17:49:58 +0800] "GET /enterprise/index HTTP/1.1" 200 16344 http-bio-8080-exec-4 4
0:0:0:0:0:0:0:1 - - [11/Jan/2022:17:49:58 +0800] "GET /enterprise/resource/css/style.css HTTP/1.1" 200 4289 http-bio-8080-exec-4 0
0:0:0:0:0:0:0:1 - - [11/Jan/2022:17:49:58 +0800] "GET /enterprise/resource/js/jquery.SuperSlide.2.1.1.js HTTP/1.1" 200 11422 http-bio-8080-exec-10 1
0:0:0:0:0:0:0:1 - - [11/Jan/2022:17:49:58 +0800] "GET /enterprise/resource/js/jquery-1.9.1.min.js HTTP/1.1" 200 92633 http-bio-8080-exec-1 1
0:0:0:0:0:0:0:1 - - [11/Jan/2022:17:49:58 +0800] "GET /enterprise/resource/swiper/css/ups.css HTTP/1.1" 200 3423 http-bio-8080-exec-3 3
0:0:0:0:0:0:0:1 - - [11/Jan/2022:17:49:58 +0800] "GET /enterprise/resource/swiper/js/swiper.min.js HTTP/1.1" 200 122735 http-bio-8080-exec-10 4
0:0:0:0:0:0:0:1 - - [11/Jan/2022:17:49:58 +0800] "GET /enterprise/resource/swiper/css/swiper.min.css HTTP/1.1" 200 17775 http-bio-8080-exec-1 4
0:0:0:0:0:0:0:1 - - [11/Jan/2022:17:49:58 +0800] "GET /enterprise/resource/swiper/css/font.css HTTP/1.1" 200 145483 http-bio-8080-exec-4 4
0:0:0:0:0:0:0:1 - - [11/Jan/2022:17:49:58 +0800] "GET /enterprise/resource/swiper/css/zsj.min.css HTTP/1.1" 200 99983 http-bio-8080-exec-6 3
0:0:0:0:0:0:0:1 - - [11/Jan/2022:17:49:58 +0800] "GET /enterprise/resource/swiper/js/ups.js HTTP/1.1" 200 1089 http-bio-8080-exec-8 2
0:0:0:0:0:0:0:1 - - [11/Jan/2022:17:49:58 +0800] "GET /enterprise/resource/swiper/css/new_index_metro1.jpg HTTP/1.1" 200 73292 http-bio-8080-exec-8 2
0:0:0:0:0:0:0:1 - - [11/Jan/2022:17:49:58 +0800] "GET /enterprise/resource/swiper/css/new_index_metro4.jpg HTTP/1.1" 200 243363 http-bio-8080-exec-4 3
0:0:0:0:0:0:0:1 - - [11/Jan/2022:17:49:58 +0800] "GET /enterprise/resource/swiper/css/new_index_metro3.jpg HTTP/1.1" 200 375773 http-bio-8080-exec-10 3
0:0:0:0:0:0:0:1 - - [11/Jan/2022:17:49:58 +0800] "GET /enterprise/resource/swiper/css/new_index_metro2.jpg HTTP/1.1" 200 528590 http-bio-8080-exec-9 4
0:0:0:0:0:0:0:1 - - [11/Jan/2022:17:49:58 +0800] "GET /enterprise/index HTTP/1.1" 200 16344 http-bio-8080-exec-9 2
0:0:0:0:0:0:0:1 - - [11/Jan/2022:17:49:58 +0800] "GET /enterprise/resource/css/style.css HTTP/1.1" 200 4289 http-bio-8080-exec-1 2
0:0:0:0:0:0:0:1 - - [11/Jan/2022:17:49:58 +0800] "GET /enterprise/resource/js/jquery-1.9.1.min.js HTTP/1.1" 200 92633 http-bio-8080-exec-4 2
0:0:0:0:0:0:0:1 - - [11/Jan/2022:17:49:58 +0800] "GET /enterprise/resource/js/jquery.SuperSlide.2.1.1.js HTTP/1.1" 200 11422 http-bio-8080-exec-5 2
0:0:0:0:0:0:0:1 - - [11/Jan/2022:17:49:58 +0800] "GET /enterprise/resource/swiper/css/zsj.min.css HTTP/1.1" 200 99983 http-bio-8080-exec-6 3
0:0:0:0:0:0:0:1 - - [11/Jan/2022:17:49:58 +0800] "GET /enterprise/resource/swiper/js/swiper.min.js HTTP/1.1" 200 122735 http-bio-8080-exec-5 3
0:0:0:0:0:0:0:1 - - [11/Jan/2022:17:49:58 +0800] "GET /enterprise/resource/swiper/css/swiper.min.css HTTP/1.1" 200 17775 http-bio-8080-exec-4 4
0:0:0:0:0:0:0:1 - - [11/Jan/2022:17:49:58 +0800] "GET /enterprise/resource/swiper/js/ups.js HTTP/1.1" 200 1089 http-bio-8080-exec-3 3
0:0:0:0:0:0:0:1 - - [11/Jan/2022:17:49:58 +0800] "GET /enterprise/resource/swiper/css/ups.css HTTP/1.1" 200 3423 http-bio-8080-exec-8 4
0:0:0:0:0:0:0:1 - - [11/Jan/2022:17:49:58 +0800] "GET /enterprise/resource/swiper/css/font.css HTTP/1.1" 200 145483 http-bio-8080-exec-7 4
0:0:0:0:0:0:0:1 - - [11/Jan/2022:17:49:58 +0800] "GET /enterprise/resource/swiper/css/new_index_metro1.jpg HTTP/1.1" 200 73292 http-bio-8080-exec-4 4
127.0.0.1 - - [11/Jan/2022:17:49:58 +0800] "GET //enterprise/attached/image/20211225/20211225134506_922.png HTTP/1.1" 404 1305 http-bio-8080-exec-10 5
0:0:0:0:0:0:0:1 - - [11/Jan/2022:17:49:58 +0800] "GET /enterprise/resource/swiper/css/new_index_metro2.jpg HTTP/1.1" 200 528590 http-bio-8080-exec-3 5
0:0:0:0:0:0:0:1 - - [11/Jan/2022:17:49:58 +0800] "GET /enterprise/resource/swiper/css/new_index_metro3.jpg HTTP/1.1" 200 375773 http-bio-8080-exec-7 2
0:0:0:0:0:0:0:1 - - [11/Jan/2022:17:49:58 +0800] "GET /enterprise/resource/swiper/css/new_index_metro4.jpg HTTP/1.1" 200 243363 http-bio-8080-exec-6 2
0:0:0:0:0:0:0:1 - - [11/Jan/2022:17:49:58 +0800] "GET /enterprise/index HTTP/1.1" 200 16344 http-bio-8080-exec-3 3
0:0:0:0:0:0:0:1 - - [11/Jan/2022:17:49:58 +0800] "GET /enterprise/resource/css/style.css HTTP/1.1" 200 4289 http-bio-8080-exec-1 2
0:0:0:0:0:0:0:1 - - [11/Jan/2022:17:49:58 +0800] "GET /enterprise/resource/js/jquery.SuperSlide.2.1.1.js HTTP/1.1" 200 11422 http-bio-8080-exec-6 2
0:0:0:0:0:0:0:1 - - [11/Jan/2022:17:49:58 +0800] "GET /enterprise/resource/js/jquery-1.9.1.min.js HTTP/1.1" 200 92633 http-bio-8080-exec-7 2
0:0:0:0:0:0:0:1 - - [11/Jan/2022:17:49:58 +0800] "GET /enterprise/resource/swiper/css/ups.css HTTP/1.1" 200 3423 http-bio-8080-exec-2 3
0:0:0:0:0:0:0:1 - - [11/Jan/2022:17:49:58 +0800] "GET /enterprise/resource/swiper/css/swiper.min.css HTTP/1.1" 200 17775 http-bio-8080-exec-7 3
0:0:0:0:0:0:0:1 - - [11/Jan/2022:17:49:58 +0800] "GET /enterprise/resource/swiper/css/font.css HTTP/1.1" 200 145483 http-bio-8080-exec-1 3
0:0:0:0:0:0:0:1 - - [11/Jan/2022:17:49:58 +0800] "GET /enterprise/resource/swiper/js/swiper.min.js HTTP/1.1" 200 122735 http-bio-8080-exec-6 3
0:0:0:0:0:0:0:1 - - [11/Jan/2022:17:49:58 +0800] "GET /enterprise/resource/swiper/css/zsj.min.css HTTP/1.1" 200 99983 http-bio-8080-exec-9 2
0:0:0:0:0:0:0:1 - - [11/Jan/2022:17:49:58 +0800] "GET /enterprise/resource/swiper/js/ups.js HTTP/1.1" 200 1089 http-bio-8080-exec-5 2
0:0:0:0:0:0:0:1 - - [11/Jan/2022:17:49:58 +0800] "GET /enterprise/resource/swiper/css/new_index_metro1.jpg HTTP/1.1" 200 73292 http-bio-8080-exec-1 2
0:0:0:0:0:0:0:1 - - [11/Jan/2022:17:49:58 +0800] "GET /enterprise/resource/swiper/css/new_index_metro4.jpg HTTP/1.1" 200 243363 http-bio-8080-exec-5 3
0:0:0:0:0:0:0:1 - - [11/Jan/2022:17:49:58 +0800] "GET /enterprise/resource/swiper/css/new_index_metro3.jpg HTTP/1.1" 200 375773 http-bio-8080-exec-6 3
0:0:0:0:0:0:0:1 - - [11/Jan/2022:17:49:58 +0800] "GET /enterprise/resource/swiper/css/new_index_metro2.jpg HTTP/1.1" 200 528590 http-bio-8080-exec-9 7
0:0:0:0:0:0:0:1 - - [11/Jan/2022:17:49:58 +0800] "GET /enterprise/index HTTP/1.1" 200 16344 http-bio-8080-exec-9 1
0:0:0:0:0:0:0:1 - - [11/Jan/2022:17:49:58 +0800] "GET /enterprise/resource/js/jquery.SuperSlide.2.1.1.js HTTP/1.1" 200 11422 http-bio-8080-exec-5 1
0:0:0:0:0:0:0:1 - - [11/Jan/2022:17:49:58 +0800] "GET /enterprise/resource/css/style.css HTTP/1.1" 200 4289 http-bio-8080-exec-9 2
0:0:0:0:0:0:0:1 - - [11/Jan/2022:17:49:58 +0800] "GET /enterprise/resource/js/jquery-1.9.1.min.js HTTP/1.1" 200 92633 http-bio-8080-exec-6 2
0:0:0:0:0:0:0:1 - - [11/Jan/2022:17:49:58 +0800] "GET /enterprise/resource/swiper/css/swiper.min.css HTTP/1.1" 200 17775 http-bio-8080-exec-6 3
0:0:0:0:0:0:0:1 - - [11/Jan/2022:17:49:58 +0800] "GET /enterprise/resource/swiper/css/zsj.min.css HTTP/1.1" 200 99983 http-bio-8080-exec-2 2
0:0:0:0:0:0:0:1 - - [11/Jan/2022:17:49:58 +0800] "GET /enterprise/resource/swiper/js/swiper.min.js HTTP/1.1" 200 122735 http-bio-8080-exec-9 3
0:0:0:0:0:0:0:1 - - [11/Jan/2022:17:49:58 +0800] "GET /enterprise/resource/swiper/css/ups.css HTTP/1.1" 200 3423 http-bio-8080-exec-1 3
0:0:0:0:0:0:0:1 - - [11/Jan/2022:17:49:58 +0800] "GET /enterprise/resource/swiper/css/font.css HTTP/1.1" 200 145483 http-bio-8080-exec-5 3
0:0:0:0:0:0:0:1 - - [11/Jan/2022:17:49:58 +0800] "GET /enterprise/resource/swiper/js/ups.js HTTP/1.1" 200 1089 http-bio-8080-exec-7 2
0:0:0:0:0:0:0:1 - - [11/Jan/2022:17:49:58 +0800] "GET /enterprise/resource/swiper/css/new_index_metro1.jpg HTTP/1.1" 200 73292 http-bio-8080-exec-5 5
0:0:0:0:0:0:0:1 - - [11/Jan/2022:17:49:58 +0800] "GET /enterprise/resource/swiper/css/new_index_metro4.jpg HTTP/1.1" 200 243363 http-bio-8080-exec-6 4
0:0:0:0:0:0:0:1 - - [11/Jan/2022:17:49:58 +0800] "GET /enterprise/resource/swiper/css/new_index_metro3.jpg HTTP/1.1" 200 375773 http-bio-8080-exec-2 4
0:0:0:0:0:0:0:1 - - [11/Jan/2022:17:49:58 +0800] "GET /enterprise/resource/swiper/css/new_index_metro2.jpg HTTP/1.1" 200 528590 http-bio-8080-exec-9 6
0:0:0:0:0:0:0:1 - - [11/Jan/2022:17:49:59 +0800] "GET /enterprise/index HTTP/1.1" 200 16344 http-bio-8080-exec-9 3
0:0:0:0:0:0:0:1 - - [11/Jan/2022:17:49:59 +0800] "GET /enterprise/resource/js/jquery-1.9.1.min.js HTTP/1.1" 200 92633 http-bio-8080-exec-2 4
0:0:0:0:0:0:0:1 - - [11/Jan/2022:17:49:59 +0800] "GET /enterprise/resource/css/style.css HTTP/1.1" 200 4289 http-bio-8080-exec-9 5
0:0:0:0:0:0:0:1 - - [11/Jan/2022:17:49:59 +0800] "GET /enterprise/resource/js/jquery.SuperSlide.2.1.1.js HTTP/1.1" 200 11422 http-bio-8080-exec-5 5
0:0:0:0:0:0:0:1 - - [11/Jan/2022:17:49:59 +0800] "GET /enterprise/resource/swiper/css/swiper.min.css HTTP/1.1" 200 17775 http-bio-8080-exec-5 2
127.0.0.1 - - [11/Jan/2022:17:49:59 +0800] "GET //enterprise/attached/image/20211225/20211225134506_922.png HTTP/1.1" 404 1305 http-bio-8080-exec-3 4
127.0.0.1 - - [11/Jan/2022:17:49:59 +0800] "GET //enterprise/attached/image/20211225/20211225134506_922.png HTTP/1.1" 404 1305 http-bio-8080-exec-4 6
0:0:0:0:0:0:0:1 - - [11/Jan/2022:17:49:59 +0800] "GET /enterprise/resource/swiper/js/swiper.min.js HTTP/1.1" 200 122735 http-bio-8080-exec-5 5
127.0.0.1 - - [11/Jan/2022:17:49:59 +0800] "GET ///enterprise/attached/image/20220111/20220111155853_732.jpg HTTP/1.1" 200 85780 http-bio-8080-exec-11 7
0:0:0:0:0:0:0:1 - - [11/Jan/2022:17:49:59 +0800] "GET /enterprise/resource/swiper/css/font.css HTTP/1.1" 200 145483 http-bio-8080-exec-9 3
0:0:0:0:0:0:0:1 - - [11/Jan/2022:17:49:59 +0800] "GET /enterprise/resource/swiper/js/ups.js HTTP/1.1" 200 1089 http-bio-8080-exec-7 2
0:0:0:0:0:0:0:1 - - [11/Jan/2022:17:49:59 +0800] "GET /enterprise/resource/swiper/css/ups.css HTTP/1.1" 200 3423 http-bio-8080-exec-8 3
0:0:0:0:0:0:0:1 - - [11/Jan/2022:17:49:59 +0800] "GET /enterprise/resource/swiper/css/zsj.min.css HTTP/1.1" 200 99983 http-bio-8080-exec-6 2
0:0:0:0:0:0:0:1 - - [11/Jan/2022:17:49:59 +0800] "GET /enterprise/resource/swiper/css/new_index_metro1.jpg HTTP/1.1" 200 73292 http-bio-8080-exec-1 3
127.0.0.1 - - [11/Jan/2022:17:49:59 +0800] "GET //enterprise/attached/image/20211225/20211225134506_922.png HTTP/1.1" 404 1305 http-bio-8080-exec-8 2
127.0.0.1 - - [11/Jan/2022:17:49:59 +0800] "GET ///enterprise/attached/image/20220111/20220111155853_732.jpg HTTP/1.1" 200 85780 http-bio-8080-exec-7 2
0:0:0:0:0:0:0:1 - - [11/Jan/2022:17:49:59 +0800] "GET /enterprise/resource/swiper/css/new_index_metro2.jpg HTTP/1.1" 200 528590 http-bio-8080-exec-5 5
0:0:0:0:0:0:0:1 - - [11/Jan/2022:17:49:59 +0800] "GET /enterprise/resource/swiper/css/new_index_metro4.jpg HTTP/1.1" 200 243363 http-bio-8080-exec-1 36
0:0:0:0:0:0:0:1 - - [11/Jan/2022:17:49:59 +0800] "GET /enterprise/resource/swiper/css/new_index_metro3.jpg HTTP/1.1" 200 375773 http-bio-8080-exec-15 36
127.0.0.1 - - [11/Jan/2022:17:49:59 +0800] "GET //enterprise/attached/image/20211225/20211225134506_922.png HTTP/1.1" 404 1305 http-bio-8080-exec-10 10
127.0.0.1 - - [11/Jan/2022:17:49:59 +0800] "GET ///enterprise/attached/image/20220111/20220111155853_732.jpg HTTP/1.1" 200 85780 http-bio-8080-exec-9 3
127.0.0.1 - - [11/Jan/2022:17:49:59 +0800] "GET ///enterprise/attached/image/20220111/20220111123858_225.jpg HTTP/1.1" 200 856516 http-bio-8080-exec-9 12
127.0.0.1 - - [11/Jan/2022:17:50:00 +0800] "GET ///enterprise/attached/image/20220111/20220111123935_983.jpg HTTP/1.1" 200 314836 http-bio-8080-exec-4 3
127.0.0.1 - - [11/Jan/2022:17:50:07 +0800] "GET //enterprise/attached/image/20211225/20211225134424_173.png HTTP/1.1" 404 1305 http-bio-8080-exec-4 4
0:0:0:0:0:0:0:1 - - [11/Jan/2022:17:50:34 +0800] "GET /enterprise/index HTTP/1.1" 200 16344 http-bio-8080-exec-15 97
127.0.0.1 - - [11/Jan/2022:17:50:34 +0800] "GET //enterprise/attached/image/20211225/20211225134506_922.png HTTP/1.1" 404 1305 http-bio-8080-exec-9 3
0:0:0:0:0:0:0:1 - - [11/Jan/2022:17:50:39 +0800] "GET /enterprise/index HTTP/1.1" 200 16344 http-bio-8080-exec-15 4
0:0:0:0:0:0:0:1 - - [11/Jan/2022:17:50:39 +0800] "GET /enterprise/resource/js/jquery-1.9.1.min.js HTTP/1.1" 200 92633 http-bio-8080-exec-1 4
0:0:0:0:0:0:0:1 - - [11/Jan/2022:17:50:39 +0800] "GET /enterprise/resource/js/jquery.SuperSlide.2.1.1.js HTTP/1.1" 200 11422 http-bio-8080-exec-5 4
0:0:0:0:0:0:0:1 - - [11/Jan/2022:17:50:39 +0800] "GET /enterprise/resource/css/style.css HTTP/1.1" 200 4289 http-bio-8080-exec-15 4
0:0:0:0:0:0:0:1 - - [11/Jan/2022:17:50:39 +0800] "GET /enterprise/resource/swiper/js/ups.js HTTP/1.1" 200 1089 http-bio-8080-exec-14 2
0:0:0:0:0:0:0:1 - - [11/Jan/2022:17:50:39 +0800] "GET /enterprise/resource/swiper/css/zsj.min.css HTTP/1.1" 200 99983 http-bio-8080-exec-13 2
0:0:0:0:0:0:0:1 - - [11/Jan/2022:17:50:39 +0800] "GET /enterprise/resource/swiper/css/ups.css HTTP/1.1" 200 3423 http-bio-8080-exec-6 4
0:0:0:0:0:0:0:1 - - [11/Jan/2022:17:50:39 +0800] "GET /enterprise/resource/swiper/css/swiper.min.css HTTP/1.1" 200 17775 http-bio-8080-exec-10 4
0:0:0:0:0:0:0:1 - - [11/Jan/2022:17:50:39 +0800] "GET /enterprise/resource/swiper/css/font.css HTTP/1.1" 200 145483 http-bio-8080-exec-5 5
0:0:0:0:0:0:0:1 - - [11/Jan/2022:17:50:39 +0800] "GET /enterprise/resource/swiper/js/swiper.min.js HTTP/1.1" 200 122735 http-bio-8080-exec-12 5
0:0:0:0:0:0:0:1 - - [11/Jan/2022:17:50:39 +0800] "GET /enterprise/resource/swiper/css/new_index_metro1.jpg HTTP/1.1" 200 73292 http-bio-8080-exec-14 4
0:0:0:0:0:0:0:1 - - [11/Jan/2022:17:50:39 +0800] "GET /enterprise/resource/swiper/css/new_index_metro2.jpg HTTP/1.1" 200 528590 http-bio-8080-exec-3 4
127.0.0.1 - - [11/Jan/2022:17:50:39 +0800] "GET ///enterprise/attached/image/20220111/20220111155853_732.jpg HTTP/1.1" 200 85780 http-bio-8080-exec-8 5
127.0.0.1 - - [11/Jan/2022:17:50:39 +0800] "GET //enterprise/attached/image/20211225/20211225134506_922.png HTTP/1.1" 404 1305 http-bio-8080-exec-11 5
127.0.0.1 - - [11/Jan/2022:17:50:39 +0800] "GET ///enterprise/attached/image/20220111/20220111123858_225.jpg HTTP/1.1" 200 856516 http-bio-8080-exec-4 7
0:0:0:0:0:0:0:1 - - [11/Jan/2022:17:50:39 +0800] "GET /enterprise/resource/swiper/css/new_index_metro4.jpg HTTP/1.1" 200 243363 http-bio-8080-exec-10 2
0:0:0:0:0:0:0:1 - - [11/Jan/2022:17:50:39 +0800] "GET /enterprise/resource/swiper/css/new_index_metro3.jpg HTTP/1.1" 200 375773 http-bio-8080-exec-5 2
127.0.0.1 - - [11/Jan/2022:17:50:39 +0800] "GET ///enterprise/attached/image/20220111/20220111123935_983.jpg HTTP/1.1" 200 314836 http-bio-8080-exec-1 2
0:0:0:0:0:0:0:1 - - [11/Jan/2022:17:50:39 +0800] "GET /enterprise/index HTTP/1.1" 200 16344 http-bio-8080-exec-3 2
0:0:0:0:0:0:0:1 - - [11/Jan/2022:17:50:39 +0800] "GET /enterprise/resource/css/style.css HTTP/1.1" 200 4289 http-bio-8080-exec-3 1
0:0:0:0:0:0:0:1 - - [11/Jan/2022:17:50:39 +0800] "GET /enterprise/resource/js/jquery-1.9.1.min.js HTTP/1.1" 200 92633 http-bio-8080-exec-5 2
0:0:0:0:0:0:0:1 - - [11/Jan/2022:17:50:39 +0800] "GET /enterprise/resource/js/jquery.SuperSlide.2.1.1.js HTTP/1.1" 200 11422 http-bio-8080-exec-10 2
0:0:0:0:0:0:0:1 - - [11/Jan/2022:17:50:39 +0800] "GET /enterprise/resource/swiper/css/ups.css HTTP/1.1" 200 3423 http-bio-8080-exec-14 2
0:0:0:0:0:0:0:1 - - [11/Jan/2022:17:50:39 +0800] "GET /enterprise/resource/swiper/css/swiper.min.css HTTP/1.1" 200 17775 http-bio-8080-exec-3 2
0:0:0:0:0:0:0:1 - - [11/Jan/2022:17:50:39 +0800] "GET /enterprise/resource/swiper/js/swiper.min.js HTTP/1.1" 200 122735 http-bio-8080-exec-4 2
0:0:0:0:0:0:0:1 - - [11/Jan/2022:17:50:39 +0800] "GET /enterprise/resource/swiper/css/font.css HTTP/1.1" 200 145483 http-bio-8080-exec-5 2
0:0:0:0:0:0:0:1 - - [11/Jan/2022:17:50:39 +0800] "GET /enterprise/resource/swiper/css/zsj.min.css HTTP/1.1" 200 99983 http-bio-8080-exec-13 2
0:0:0:0:0:0:0:1 - - [11/Jan/2022:17:50:39 +0800] "GET /enterprise/resource/swiper/js/ups.js HTTP/1.1" 200 1089 http-bio-8080-exec-6 1
0:0:0:0:0:0:0:1 - - [11/Jan/2022:17:50:39 +0800] "GET /enterprise/resource/swiper/css/new_index_metro1.jpg HTTP/1.1" 200 73292 http-bio-8080-exec-11 2
0:0:0:0:0:0:0:1 - - [11/Jan/2022:17:50:39 +0800] "GET /enterprise/resource/swiper/css/new_index_metro4.jpg HTTP/1.1" 200 243363 http-bio-8080-exec-5 2
0:0:0:0:0:0:0:1 - - [11/Jan/2022:17:50:39 +0800] "GET /enterprise/resource/swiper/css/new_index_metro3.jpg HTTP/1.1" 200 375773 http-bio-8080-exec-6 3
0:0:0:0:0:0:0:1 - - [11/Jan/2022:17:50:39 +0800] "GET /enterprise/resource/swiper/css/new_index_metro2.jpg HTTP/1.1" 200 528590 http-bio-8080-exec-2 5
127.0.0.1 - - [11/Jan/2022:17:50:39 +0800] "GET //enterprise/attached/image/20211225/20211225134506_922.png HTTP/1.1" 404 1305 http-bio-8080-exec-7 2
127.0.0.1 - - [11/Jan/2022:17:50:39 +0800] "GET ///enterprise/attached/image/20220111/20220111155853_732.jpg HTTP/1.1" 200 85780 http-bio-8080-exec-10 2
127.0.0.1 - - [11/Jan/2022:17:50:39 +0800] "GET ///enterprise/attached/image/20220111/20220111123935_983.jpg HTTP/1.1" 200 314836 http-bio-8080-exec-9 2
127.0.0.1 - - [11/Jan/2022:17:50:39 +0800] "GET ///enterprise/attached/image/20220111/20220111123858_225.jpg HTTP/1.1" 200 856516 http-bio-8080-exec-1 7
0:0:0:0:0:0:0:1 - - [11/Jan/2022:17:50:39 +0800] "GET /enterprise/index HTTP/1.1" 200 16344 http-bio-8080-exec-2 2
0:0:0:0:0:0:0:1 - - [11/Jan/2022:17:50:39 +0800] "GET /enterprise/resource/css/style.css HTTP/1.1" 200 4289 http-bio-8080-exec-2 2
0:0:0:0:0:0:0:1 - - [11/Jan/2022:17:50:39 +0800] "GET /enterprise/resource/js/jquery.SuperSlide.2.1.1.js HTTP/1.1" 200 11422 http-bio-8080-exec-5 2
0:0:0:0:0:0:0:1 - - [11/Jan/2022:17:50:39 +0800] "GET /enterprise/resource/js/jquery-1.9.1.min.js HTTP/1.1" 200 92633 http-bio-8080-exec-4 2
0:0:0:0:0:0:0:1 - - [11/Jan/2022:17:50:40 +0800] "GET /enterprise/resource/swiper/css/swiper.min.css HTTP/1.1" 200 17775 http-bio-8080-exec-15 3
0:0:0:0:0:0:0:1 - - [11/Jan/2022:17:50:40 +0800] "GET /enterprise/resource/swiper/css/ups.css HTTP/1.1" 200 3423 http-bio-8080-exec-11 2
0:0:0:0:0:0:0:1 - - [11/Jan/2022:17:50:40 +0800] "GET /enterprise/resource/swiper/js/swiper.min.js HTTP/1.1" 200 122735 http-bio-8080-exec-2 2
0:0:0:0:0:0:0:1 - - [11/Jan/2022:17:50:40 +0800] "GET /enterprise/resource/swiper/js/ups.js HTTP/1.1" 200 1089 http-bio-8080-exec-3 1
0:0:0:0:0:0:0:1 - - [11/Jan/2022:17:50:40 +0800] "GET /enterprise/resource/swiper/css/zsj.min.css HTTP/1.1" 200 99983 http-bio-8080-exec-14 1
0:0:0:0:0:0:0:1 - - [11/Jan/2022:17:50:40 +0800] "GET /enterprise/resource/swiper/css/font.css HTTP/1.1" 200 145483 http-bio-8080-exec-12 3
0:0:0:0:0:0:0:1 - - [11/Jan/2022:17:50:40 +0800] "GET /enterprise/resource/swiper/css/new_index_metro1.jpg HTTP/1.1" 200 73292 http-bio-8080-exec-1 2
