0:0:0:0:0:0:0:1 - - [11/Jan/2022:11:05:50 +0800] "GET /enterprise/resource/swiper/css/ups2.jpg HTTP/1.1" 200 856516 http-bio-8080-exec-5 7
127.0.0.1 - - [11/Jan/2022:11:05:50 +0800] "GET //enterprise/attached/image/20211225/20211225134506_922.png HTTP/1.1" 404 1305 http-bio-8080-exec-7 2
0:0:0:0:0:0:0:1 - - [11/Jan/2022:11:05:50 +0800] "GET /enterprise/ HTTP/1.1" 200 8710 http-bio-8080-exec-5 1
0:0:0:0:0:0:0:1 - - [11/Jan/2022:11:05:50 +0800] "GET /enterprise/resource/css/style.css HTTP/1.1" 200 4289 http-bio-8080-exec-5 1
0:0:0:0:0:0:0:1 - - [11/Jan/2022:11:05:50 +0800] "GET /enterprise/resource/js/jquery.SuperSlide.2.1.1.js HTTP/1.1" 200 11422 http-bio-8080-exec-1 1
0:0:0:0:0:0:0:1 - - [11/Jan/2022:11:05:50 +0800] "GET /enterprise/resource/js/jquery-1.9.1.min.js HTTP/1.1" 200 92633 http-bio-8080-exec-12 1
0:0:0:0:0:0:0:1 - - [11/Jan/2022:11:05:50 +0800] "GET /enterprise/resource/swiper/css/ups.css HTTP/1.1" 200 3423 http-bio-8080-exec-4 1
0:0:0:0:0:0:0:1 - - [11/Jan/2022:11:05:50 +0800] "GET /enterprise/resource/swiper/js/ups.js HTTP/1.1" 200 1089 http-bio-8080-exec-3 1
0:0:0:0:0:0:0:1 - - [11/Jan/2022:11:05:50 +0800] "GET /enterprise/resource/swiper/css/swiper.min.css HTTP/1.1" 200 17775 http-bio-8080-exec-12 1
0:0:0:0:0:0:0:1 - - [11/Jan/2022:11:05:50 +0800] "GET /enterprise/resource/swiper/js/swiper.min.js HTTP/1.1" 200 96227 http-bio-8080-exec-6 2
0:0:0:0:0:0:0:1 - - [11/Jan/2022:11:05:50 +0800] "GET /enterprise/resource/swiper/css/font.css HTTP/1.1" 200 145483 http-bio-8080-exec-1 2
0:0:0:0:0:0:0:1 - - [11/Jan/2022:11:05:50 +0800] "GET /enterprise/resource/swiper/css/ups1.jpg HTTP/1.1" 200 593784 http-bio-8080-exec-2 4
0:0:0:0:0:0:0:1 - - [11/Jan/2022:11:05:50 +0800] "GET /enterprise/resource/swiper/css/ups3.jpg HTTP/1.1" 200 314836 http-bio-8080-exec-3 2
0:0:0:0:0:0:0:1 - - [11/Jan/2022:11:05:50 +0800] "GET /enterprise/resource/swiper/css/ups2.jpg HTTP/1.1" 200 856516 http-bio-8080-exec-6 6
127.0.0.1 - - [11/Jan/2022:11:05:50 +0800] "GET //enterprise/attached/image/20211225/20211225134506_922.png HTTP/1.1" 404 1305 http-bio-8080-exec-10 6
127.0.0.1 - - [11/Jan/2022:11:05:50 +0800] "GET //enterprise/attached/image/20211225/20211225134424_173.png HTTP/1.1" 404 1305 http-bio-8080-exec-5 5
0:0:0:0:0:0:0:1 - - [11/Jan/2022:11:08:43 +0800] "GET /enterprise/ HTTP/1.1" 200 8710 http-bio-8080-exec-7 3
127.0.0.1 - - [11/Jan/2022:11:08:43 +0800] "GET //enterprise/attached/image/20211225/20211225134506_922.png HTTP/1.1" 404 1305 http-bio-8080-exec-4 6
0:0:0:0:0:0:0:1 - - [11/Jan/2022:11:09:16 +0800] "GET /enterprise/ HTTP/1.1" 200 8710 http-bio-8080-exec-7 4
127.0.0.1 - - [11/Jan/2022:11:09:16 +0800] "GET //enterprise/attached/image/20211225/20211225134506_922.png HTTP/1.1" 404 1305 http-bio-8080-exec-3 4
0:0:0:0:0:0:0:1 - - [11/Jan/2022:11:09:55 +0800] "GET /enterprise/manage/articleCategory/selectList?init=y HTTP/1.1" 200 9529 http-bio-8080-exec-7 613
0:0:0:0:0:0:0:1 - - [11/Jan/2022:11:09:55 +0800] "GET /enterprise/manage/user/logout HTTP/1.1" 200 4278 http-bio-8080-exec-7 91
0:0:0:0:0:0:0:1 - - [11/Jan/2022:11:09:55 +0800] "GET /enterprise/getVerificationCode HTTP/1.1" 200 2333 http-bio-8080-exec-7 303
0:0:0:0:0:0:0:1 - - [11/Jan/2022:11:09:55 +0800] "GET /favicon.ico HTTP/1.1" 404 - http-bio-8080-exec-7 0
0:0:0:0:0:0:0:1 - - [11/Jan/2022:11:10:07 +0800] "POST /enterprise/manage/user/login HTTP/1.1" 302 - http-bio-8080-exec-7 163
0:0:0:0:0:0:0:1 - - [11/Jan/2022:11:10:07 +0800] "GET /enterprise/manage/user/home HTTP/1.1" 200 25474 http-bio-8080-exec-7 178
0:0:0:0:0:0:0:1 - - [11/Jan/2022:11:10:07 +0800] "GET /enterprise/resource/ace/font/fontawesome-webfont.woff?v=3.2.1 HTTP/1.1" 304 - http-bio-8080-exec-7 5
0:0:0:0:0:0:0:1 - - [11/Jan/2022:11:10:16 +0800] "GET /enterprise/manage/user/logout HTTP/1.1" 200 4278 http-bio-8080-exec-7 112
0:0:0:0:0:0:0:1 - - [11/Jan/2022:11:10:16 +0800] "GET /enterprise/getVerificationCode HTTP/1.1" 200 2366 http-bio-8080-exec-7 8
0:0:0:0:0:0:0:1 - - [11/Jan/2022:11:10:34 +0800] "POST /enterprise/manage/user/login HTTP/1.1" 302 - http-bio-8080-exec-7 137
0:0:0:0:0:0:0:1 - - [11/Jan/2022:11:10:34 +0800] "GET /enterprise/manage/user/home HTTP/1.1" 200 22804 http-bio-8080-exec-7 7
127.0.0.1 - - [11/Jan/2022:11:10:34 +0800] "GET //resource/images/portrait.jpg HTTP/1.1" 404 - http-bio-8080-exec-4 0
0:0:0:0:0:0:0:1 - - [11/Jan/2022:11:10:37 +0800] "GET /enterprise/manage/article/selectList?init=y HTTP/1.1" 200 17915 http-bio-8080-exec-7 225
127.0.0.1 - - [11/Jan/2022:11:10:37 +0800] "GET //resource/images/portrait.jpg HTTP/1.1" 404 - http-bio-8080-exec-4 0
0:0:0:0:0:0:0:1 - - [11/Jan/2022:11:10:40 +0800] "GET /enterprise/manage/article/toEdit?id=18 HTTP/1.1" 200 22829 http-bio-8080-exec-7 168
127.0.0.1 - - [11/Jan/2022:11:10:40 +0800] "GET //resource/images/portrait.jpg HTTP/1.1" 404 - http-bio-8080-exec-4 0
0:0:0:0:0:0:0:1 - - [11/Jan/2022:11:11:05 +0800] "GET /enterprise/ HTTP/1.1" 200 9202 http-bio-8080-exec-7 98
127.0.0.1 - - [11/Jan/2022:11:11:05 +0800] "GET //enterprise/attached/image/20211225/20211225134506_922.png HTTP/1.1" 404 1305 http-bio-8080-exec-4 4
127.0.0.1 - - [11/Jan/2022:11:11:20 +0800] "GET //enterprise/attached/image/20211225/20211225134506_922.png HTTP/1.1" 404 1305 http-bio-8080-exec-6 3
0:0:0:0:0:0:0:1 - - [11/Jan/2022:11:11:56 +0800] "GET /enterprise/ HTTP/1.1" 200 9202 http-bio-8080-exec-7 3
127.0.0.1 - - [11/Jan/2022:11:11:57 +0800] "GET //enterprise/attached/image/20211225/20211225134506_922.png HTTP/1.1" 404 1305 http-bio-8080-exec-5 5
0:0:0:0:0:0:0:1 - - [11/Jan/2022:11:13:20 +0800] "GET /enterprise/resource/swiper/js/maps/swiper.min.js.map HTTP/1.1" 200 357801 http-bio-8080-exec-2 11
0:0:0:0:0:0:0:1 - - [11/Jan/2022:11:13:41 +0800] "GET /enterprise/about HTTP/1.1" 200 6204 http-bio-8080-exec-1 111
127.0.0.1 - - [11/Jan/2022:11:13:41 +0800] "GET //enterprise/attached/image/20211225/20211225134506_922.png HTTP/1.1" 404 1305 http-bio-8080-exec-6 3
0:0:0:0:0:0:0:1 - - [11/Jan/2022:11:13:44 +0800] "GET /enterprise/article HTTP/1.1" 200 7866 http-bio-8080-exec-1 154
127.0.0.1 - - [11/Jan/2022:11:13:44 +0800] "GET //enterprise/attached/image/20211225/20211225134506_922.png HTTP/1.1" 404 1305 http-bio-8080-exec-5 1
0:0:0:0:0:0:0:1 - - [11/Jan/2022:11:13:46 +0800] "GET /enterprise/service HTTP/1.1" 200 6165 http-bio-8080-exec-10 133
127.0.0.1 - - [11/Jan/2022:11:13:46 +0800] "GET //enterprise/attached/image/20211225/20211225134506_922.png HTTP/1.1" 404 1305 http-bio-8080-exec-2 2
0:0:0:0:0:0:0:1 - - [11/Jan/2022:11:13:47 +0800] "GET /enterprise/recruitment HTTP/1.1" 200 11322 http-bio-8080-exec-10 115
127.0.0.1 - - [11/Jan/2022:11:13:47 +0800] "GET //enterprise/attached/image/20211225/20211225134506_922.png HTTP/1.1" 404 1305 http-bio-8080-exec-6 2
0:0:0:0:0:0:0:1 - - [11/Jan/2022:11:13:48 +0800] "GET /enterprise/message HTTP/1.1" 200 10656 http-bio-8080-exec-10 87
0:0:0:0:0:0:0:1 - - [11/Jan/2022:11:13:48 +0800] "GET /enterprise/getVerificationCode.do HTTP/1.1" 200 2284 http-bio-8080-exec-10 10
127.0.0.1 - - [11/Jan/2022:11:13:48 +0800] "GET //enterprise/attached/image/20211225/20211225134506_922.png HTTP/1.1" 404 1305 http-bio-8080-exec-7 5
0:0:0:0:0:0:0:1 - - [11/Jan/2022:11:13:49 +0800] "GET /enterprise/contact HTTP/1.1" 200 8416 http-bio-8080-exec-10 84
127.0.0.1 - - [11/Jan/2022:11:13:49 +0800] "GET //enterprise/attached/image/20211225/20211225134506_922.png HTTP/1.1" 404 1305 http-bio-8080-exec-12 2
0:0:0:0:0:0:0:1 - - [11/Jan/2022:11:13:53 +0800] "GET /enterprise/contact HTTP/1.1" 200 8416 http-bio-8080-exec-10 3
127.0.0.1 - - [11/Jan/2022:11:13:53 +0800] "GET //enterprise/attached/image/20211225/20211225134506_922.png HTTP/1.1" 404 1305 http-bio-8080-exec-8 7
0:0:0:0:0:0:0:1 - - [11/Jan/2022:11:16:20 +0800] "GET /enterprise/index HTTP/1.1" 200 9202 http-bio-8080-exec-3 81
127.0.0.1 - - [11/Jan/2022:11:16:20 +0800] "GET //enterprise/attached/image/20211225/20211225134506_922.png HTTP/1.1" 404 1305 http-bio-8080-exec-1 2
0:0:0:0:0:0:0:1 - - [11/Jan/2022:11:40:03 +0800] "GET /enterprise/manage/article/toEdit?id=18 HTTP/1.1" 200 16425 http-bio-8080-exec-1 193
0:0:0:0:0:0:0:1 - - [11/Jan/2022:11:40:03 +0800] "GET /enterprise/manage/user/logout HTTP/1.1" 200 4278 http-bio-8080-exec-3 15
0:0:0:0:0:0:0:1 - - [11/Jan/2022:11:40:03 +0800] "GET /enterprise/getVerificationCode HTTP/1.1" 200 2555 http-bio-8080-exec-4 201
0:0:0:0:0:0:0:1 - - [11/Jan/2022:11:40:34 +0800] "POST /enterprise/manage/user/login HTTP/1.1" 302 - http-bio-8080-exec-5 186
0:0:0:0:0:0:0:1 - - [11/Jan/2022:11:40:34 +0800] "GET /enterprise/manage/user/home HTTP/1.1" 200 22804 http-bio-8080-exec-6 30
127.0.0.1 - - [11/Jan/2022:11:40:34 +0800] "GET //resource/images/portrait.jpg HTTP/1.1" 404 - http-bio-8080-exec-8 0
0:0:0:0:0:0:0:1 - - [11/Jan/2022:11:40:48 +0800] "GET /enterprise/manage/indexImg/selectList HTTP/1.1" 200 19491 http-bio-8080-exec-7 1288
127.0.0.1 - - [11/Jan/2022:11:40:48 +0800] "GET //resource/images/portrait.jpg HTTP/1.1" 404 - http-bio-8080-exec-9 0
127.0.0.1 - - [11/Jan/2022:11:40:48 +0800] "GET //enterprise/attached/image/20211225/20211225154041_574.jpg HTTP/1.1" 304 - http-bio-8080-exec-3 8
127.0.0.1 - - [11/Jan/2022:11:40:48 +0800] "GET //enterprise/attached/image/20220107/20220107183543_261.jpg HTTP/1.1" 200 115594 http-bio-8080-exec-5 9
127.0.0.1 - - [11/Jan/2022:11:40:48 +0800] "GET //enterprise/attached/image/20220107/20220107163127_258.jpg HTTP/1.1" 304 - http-bio-8080-exec-8 3
0:0:0:0:0:0:0:1 - - [11/Jan/2022:11:45:40 +0800] "GET /enterprise/manage/indexImg/toEdit?id=26 HTTP/1.1" 200 20060 http-bio-8080-exec-1 179
127.0.0.1 - - [11/Jan/2022:11:45:40 +0800] "GET //resource/images/portrait.jpg HTTP/1.1" 404 - http-bio-8080-exec-8 0
0:0:0:0:0:0:0:1 - - [11/Jan/2022:11:49:44 +0800] "GET /enterprise/manage/indexImg/selectList HTTP/1.1" 200 19879 http-bio-8080-exec-10 159
127.0.0.1 - - [11/Jan/2022:11:49:44 +0800] "GET //resource/images/portrait.jpg HTTP/1.1" 404 - http-bio-8080-exec-5 0
0:0:0:0:0:0:0:1 - - [11/Jan/2022:11:52:32 +0800] "GET /enterprise/manage/indexImg/selectList HTTP/1.1" 200 19878 http-bio-8080-exec-6 149
127.0.0.1 - - [11/Jan/2022:11:52:32 +0800] "GET //resource/images/portrait.jpg HTTP/1.1" 404 - http-bio-8080-exec-1 0
0:0:0:0:0:0:0:1 - - [11/Jan/2022:11:53:25 +0800] "GET /enterprise/manage/indexImg/selectList HTTP/1.1" 200 19872 http-bio-8080-exec-6 144
127.0.0.1 - - [11/Jan/2022:11:53:25 +0800] "GET //resource/images/portrait.jpg HTTP/1.1" 404 - http-bio-8080-exec-1 0
0:0:0:0:0:0:0:1 - - [11/Jan/2022:11:55:25 +0800] "GET /enterprise/manage/indexImg/selectList HTTP/1.1" 200 19910 http-bio-8080-exec-9 140
127.0.0.1 - - [11/Jan/2022:11:55:25 +0800] "GET //resource/images/portrait.jpg HTTP/1.1" 404 - http-bio-8080-exec-4 0
0:0:0:0:0:0:0:1 - - [11/Jan/2022:12:00:19 +0800] "GET /enterprise/manage/indexImg/toEdit?id=26 HTTP/1.1" 200 20479 http-bio-8080-exec-3 18
127.0.0.1 - - [11/Jan/2022:12:00:19 +0800] "GET //resource/images/portrait.jpg HTTP/1.1" 404 - http-bio-8080-exec-6 0
0:0:0:0:0:0:0:1 - - [11/Jan/2022:12:00:24 +0800] "GET /enterprise/manage/indexImg/delete?id=26 HTTP/1.1" 302 - http-bio-8080-exec-3 24
0:0:0:0:0:0:0:1 - - [11/Jan/2022:12:00:24 +0800] "GET /enterprise/manage/indexImg/selectList HTTP/1.1" 200 19313 http-bio-8080-exec-3 8
127.0.0.1 - - [11/Jan/2022:12:00:24 +0800] "GET //resource/images/portrait.jpg HTTP/1.1" 404 - http-bio-8080-exec-6 0
0:0:0:0:0:0:0:1 - - [11/Jan/2022:12:00:26 +0800] "GET /enterprise/manage/indexImg/delete?id=27 HTTP/1.1" 302 - http-bio-8080-exec-3 9
0:0:0:0:0:0:0:1 - - [11/Jan/2022:12:00:26 +0800] "GET /enterprise/manage/indexImg/selectList HTTP/1.1" 200 18711 http-bio-8080-exec-3 8
127.0.0.1 - - [11/Jan/2022:12:00:26 +0800] "GET //resource/images/portrait.jpg HTTP/1.1" 404 - http-bio-8080-exec-6 0
0:0:0:0:0:0:0:1 - - [11/Jan/2022:12:00:27 +0800] "GET /enterprise/manage/indexImg/delete?id=28 HTTP/1.1" 302 - http-bio-8080-exec-3 10
0:0:0:0:0:0:0:1 - - [11/Jan/2022:12:00:27 +0800] "GET /enterprise/manage/indexImg/selectList HTTP/1.1" 200 18109 http-bio-8080-exec-3 8
127.0.0.1 - - [11/Jan/2022:12:00:27 +0800] "GET //resource/images/portrait.jpg HTTP/1.1" 404 - http-bio-8080-exec-6 0
0:0:0:0:0:0:0:1 - - [11/Jan/2022:12:07:29 +0800] "GET /enterprise/index HTTP/1.1" 200 7512 http-bio-8080-exec-1 1235
127.0.0.1 - - [11/Jan/2022:12:07:29 +0800] "GET //enterprise/attached/image/20211225/20211225134506_922.png HTTP/1.1" 404 1305 http-bio-8080-exec-4 15
0:0:0:0:0:0:0:1 - - [11/Jan/2022:12:08:18 +0800] "GET /enterprise/resource/kindeditor/plugins/filemanager/images/go-up.gif HTTP/1.1" 304 - http-bio-8080-exec-2 9
0:0:0:0:0:0:0:1 - - [11/Jan/2022:12:08:18 +0800] "GET /enterprise/resource/kindeditor/jsp/file_manager_json.jsp?path=&order=NAME&dir=image&1641874098364 HTTP/1.1" 200 658 http-bio-8080-exec-3 164
0:0:0:0:0:0:0:1 - - [11/Jan/2022:12:08:18 +0800] "GET /enterprise/resource/kindeditor/plugins/filemanager/images/folder-64.gif HTTP/1.1" 304 - http-bio-8080-exec-7 4
0:0:0:0:0:0:0:1 - - [11/Jan/2022:12:10:02 +0800] "GET /enterprise/resource/validator/images/validator_default.png HTTP/1.1" 304 - http-bio-8080-exec-9 5
0:0:0:0:0:0:0:1 - - [11/Jan/2022:12:10:32 +0800] "POST /enterprise/resource/kindeditor/jsp/upload_json.jsp?dir=image HTTP/1.1" 200 101 http-bio-8080-exec-10 113
0:0:0:0:0:0:0:1 - - [11/Jan/2022:12:10:48 +0800] "POST /enterprise/resource/kindeditor/jsp/upload_json.jsp?dir=image HTTP/1.1" 200 101 http-bio-8080-exec-10 18
0:0:0:0:0:0:0:1 - - [11/Jan/2022:12:11:19 +0800] "POST /enterprise/manage/indexImg/insert HTTP/1.1" 500 1058 http-bio-8080-exec-10 83
0:0:0:0:0:0:0:1 - - [11/Jan/2022:12:14:02 +0800] "GET /enterprise/manage/indexImg/selectList HTTP/1.1" 200 11700 http-bio-8080-exec-1 284
0:0:0:0:0:0:0:1 - - [11/Jan/2022:12:14:02 +0800] "GET /enterprise/manage/user/logout HTTP/1.1" 200 4278 http-bio-8080-exec-3 16
0:0:0:0:0:0:0:1 - - [11/Jan/2022:12:14:03 +0800] "GET /enterprise/getVerificationCode HTTP/1.1" 200 2514 http-bio-8080-exec-4 218
0:0:0:0:0:0:0:1 - - [11/Jan/2022:12:21:38 +0800] "POST /enterprise/manage/user/login HTTP/1.1" 302 - http-bio-8080-exec-6 182
0:0:0:0:0:0:0:1 - - [11/Jan/2022:12:21:38 +0800] "GET /enterprise/manage/user/home HTTP/1.1" 200 22804 http-bio-8080-exec-8 30
127.0.0.1 - - [11/Jan/2022:12:21:38 +0800] "GET //resource/images/portrait.jpg HTTP/1.1" 404 - http-bio-8080-exec-10 0
0:0:0:0:0:0:0:1 - - [11/Jan/2022:12:21:43 +0800] "GET /enterprise/manage/indexImg/selectList HTTP/1.1" 200 18109 http-bio-8080-exec-9 15
127.0.0.1 - - [11/Jan/2022:12:21:43 +0800] "GET //resource/images/portrait.jpg HTTP/1.1" 404 - http-bio-8080-exec-10 0
0:0:0:0:0:0:0:1 - - [11/Jan/2022:12:22:17 +0800] "POST /enterprise/resource/kindeditor/jsp/upload_json.jsp?dir=image HTTP/1.1" 200 101 http-bio-8080-exec-9 56
0:0:0:0:0:0:0:1 - - [11/Jan/2022:12:22:44 +0800] "POST /enterprise/manage/indexImg/insert HTTP/1.1" 500 1058 http-bio-8080-exec-9 60
0:0:0:0:0:0:0:1 - - [11/Jan/2022:12:25:14 +0800] "GET /enterprise/manage/user/logout HTTP/1.1" 200 4278 http-bio-8080-exec-1 199
0:0:0:0:0:0:0:1 - - [11/Jan/2022:12:25:14 +0800] "GET /enterprise/getVerificationCode HTTP/1.1" 200 2393 http-bio-8080-exec-3 193
0:0:0:0:0:0:0:1 - - [11/Jan/2022:12:25:26 +0800] "POST /enterprise/manage/user/login HTTP/1.1" 302 - http-bio-8080-exec-4 202
0:0:0:0:0:0:0:1 - - [11/Jan/2022:12:25:26 +0800] "GET /enterprise/manage/user/home HTTP/1.1" 200 22804 http-bio-8080-exec-5 52
127.0.0.1 - - [11/Jan/2022:12:25:26 +0800] "GET //resource/images/portrait.jpg HTTP/1.1" 404 - http-bio-8080-exec-7 0
0:0:0:0:0:0:0:1 - - [11/Jan/2022:12:25:29 +0800] "GET /enterprise/manage/indexImg/selectList HTTP/1.1" 200 18109 http-bio-8080-exec-6 39
127.0.0.1 - - [11/Jan/2022:12:25:29 +0800] "GET //resource/images/portrait.jpg HTTP/1.1" 404 - http-bio-8080-exec-8 0
0:0:0:0:0:0:0:1 - - [11/Jan/2022:12:25:59 +0800] "POST /enterprise/resource/kindeditor/jsp/upload_json.jsp?dir=image HTTP/1.1" 200 101 http-bio-8080-exec-9 61
0:0:0:0:0:0:0:1 - - [11/Jan/2022:12:26:16 +0800] "POST /enterprise/manage/indexImg/insert HTTP/1.1" 500 1058 http-bio-8080-exec-9 73
0:0:0:0:0:0:0:1 - - [11/Jan/2022:12:34:21 +0800] "GET /enterprise/manage/user/login HTTP/1.1" 200 4278 http-bio-8080-exec-1 152
0:0:0:0:0:0:0:1 - - [11/Jan/2022:12:34:21 +0800] "GET /enterprise/getVerificationCode HTTP/1.1" 200 2500 http-bio-8080-exec-3 196
0:0:0:0:0:0:0:1 - - [11/Jan/2022:12:34:38 +0800] "POST /enterprise/manage/user/login HTTP/1.1" 302 - http-bio-8080-exec-4 267
0:0:0:0:0:0:0:1 - - [11/Jan/2022:12:34:38 +0800] "GET /enterprise/manage/user/home HTTP/1.1" 200 22804 http-bio-8080-exec-5 61
127.0.0.1 - - [11/Jan/2022:12:34:38 +0800] "GET //resource/images/portrait.jpg HTTP/1.1" 404 - http-bio-8080-exec-7 0
0:0:0:0:0:0:0:1 - - [11/Jan/2022:12:34:44 +0800] "GET /enterprise/manage/indexImg/selectList HTTP/1.1" 200 18109 http-bio-8080-exec-6 53
127.0.0.1 - - [11/Jan/2022:12:34:44 +0800] "GET //resource/images/portrait.jpg HTTP/1.1" 404 - http-bio-8080-exec-8 0
0:0:0:0:0:0:0:1 - - [11/Jan/2022:12:34:47 +0800] "GET /enterprise/resource/kindeditor/jsp/file_manager_json.jsp?path=&order=NAME&dir=image&1641875687769 HTTP/1.1" 200 789 http-bio-8080-exec-9 10
0:0:0:0:0:0:0:1 - - [11/Jan/2022:12:34:57 +0800] "POST /enterprise/resource/kindeditor/jsp/upload_json.jsp?dir=image HTTP/1.1" 200 101 http-bio-8080-exec-9 51
0:0:0:0:0:0:0:1 - - [11/Jan/2022:12:35:25 +0800] "POST /enterprise/manage/indexImg/insert HTTP/1.1" 500 1058 http-bio-8080-exec-9 75
0:0:0:0:0:0:0:1 - - [11/Jan/2022:12:38:14 +0800] "POST /enterprise/resource/kindeditor/jsp/upload_json.jsp?dir=image HTTP/1.1" 200 100 http-bio-8080-exec-5 19
0:0:0:0:0:0:0:1 - - [11/Jan/2022:12:38:35 +0800] "POST /enterprise/manage/indexImg/insert HTTP/1.1" 302 - http-bio-8080-exec-5 31
0:0:0:0:0:0:0:1 - - [11/Jan/2022:12:38:35 +0800] "GET /enterprise/manage/indexImg/selectList HTTP/1.1" 200 18721 http-bio-8080-exec-5 15
127.0.0.1 - - [11/Jan/2022:12:38:35 +0800] "GET //resource/images/portrait.jpg HTTP/1.1" 404 - http-bio-8080-exec-2 0
127.0.0.1 - - [11/Jan/2022:12:38:35 +0800] "GET //enterprise/attached/image/20220111/20220111123814_23.jpg HTTP/1.1" 200 593784 http-bio-8080-exec-3 14
0:0:0:0:0:0:0:1 - - [11/Jan/2022:12:38:58 +0800] "POST /enterprise/resource/kindeditor/jsp/upload_json.jsp?dir=image HTTP/1.1" 200 101 http-bio-8080-exec-5 22
0:0:0:0:0:0:0:1 - - [11/Jan/2022:12:39:14 +0800] "POST /enterprise/manage/indexImg/insert HTTP/1.1" 302 - http-bio-8080-exec-5 25
0:0:0:0:0:0:0:1 - - [11/Jan/2022:12:39:14 +0800] "GET /enterprise/manage/indexImg/selectList HTTP/1.1" 200 19335 http-bio-8080-exec-5 12
127.0.0.1 - - [11/Jan/2022:12:39:14 +0800] "GET //resource/images/portrait.jpg HTTP/1.1" 404 - http-bio-8080-exec-3 0
127.0.0.1 - - [11/Jan/2022:12:39:14 +0800] "GET //enterprise/attached/image/20220111/20220111123858_225.jpg HTTP/1.1" 200 856516 http-bio-8080-exec-2 11
0:0:0:0:0:0:0:1 - - [11/Jan/2022:12:39:35 +0800] "POST /enterprise/resource/kindeditor/jsp/upload_json.jsp?dir=image HTTP/1.1" 200 101 http-bio-8080-exec-5 17
0:0:0:0:0:0:0:1 - - [11/Jan/2022:12:39:52 +0800] "POST /enterprise/manage/indexImg/insert HTTP/1.1" 302 - http-bio-8080-exec-5 19
0:0:0:0:0:0:0:1 - - [11/Jan/2022:12:39:53 +0800] "GET /enterprise/manage/indexImg/selectList HTTP/1.1" 200 19949 http-bio-8080-exec-5 15
127.0.0.1 - - [11/Jan/2022:12:39:53 +0800] "GET //resource/images/portrait.jpg HTTP/1.1" 404 - http-bio-8080-exec-2 0
127.0.0.1 - - [11/Jan/2022:12:39:53 +0800] "GET //enterprise/attached/image/20220111/20220111123935_983.jpg HTTP/1.1" 200 314836 http-bio-8080-exec-3 4
0:0:0:0:0:0:0:1 - - [11/Jan/2022:12:39:59 +0800] "GET /enterprise/index HTTP/1.1" 200 8770 http-bio-8080-exec-5 17
127.0.0.1 - - [11/Jan/2022:12:39:59 +0800] "GET ///enterprise/attached/image/20220111/20220111123814_23.jpg HTTP/1.1" 200 593784 http-bio-8080-exec-2 6
127.0.0.1 - - [11/Jan/2022:12:39:59 +0800] "GET //enterprise/attached/image/20211225/20211225134506_922.png HTTP/1.1" 404 1305 http-bio-8080-exec-3 8
127.0.0.1 - - [11/Jan/2022:12:39:59 +0800] "GET ///enterprise/attached/image/20220111/20220111123858_225.jpg HTTP/1.1" 200 856516 http-bio-8080-exec-8 6
127.0.0.1 - - [11/Jan/2022:12:39:59 +0800] "GET ///enterprise/attached/image/20220111/20220111123935_983.jpg HTTP/1.1" 200 314836 http-bio-8080-exec-9 2
0:0:0:0:0:0:0:1 - - [11/Jan/2022:12:44:25 +0800] "GET /enterprise/manage/indexImg/toEdit?id=29 HTTP/1.1" 200 20569 http-bio-8080-exec-7 18
127.0.0.1 - - [11/Jan/2022:12:44:25 +0800] "GET //resource/images/portrait.jpg HTTP/1.1" 404 - http-bio-8080-exec-10 0
0:0:0:0:0:0:0:1 - - [11/Jan/2022:12:44:40 +0800] "POST /enterprise/resource/kindeditor/jsp/upload_json.jsp?dir=image HTTP/1.1" 200 101 http-bio-8080-exec-7 16
0:0:0:0:0:0:0:1 - - [11/Jan/2022:12:44:47 +0800] "POST /enterprise/manage/indexImg/update HTTP/1.1" 500 1058 http-bio-8080-exec-7 14
0:0:0:0:0:0:0:1 - - [11/Jan/2022:12:44:52 +0800] "GET /enterprise/manage/indexImg/delete?id=29 HTTP/1.1" 302 - http-bio-8080-exec-4 13
0:0:0:0:0:0:0:1 - - [11/Jan/2022:12:44:52 +0800] "GET /enterprise/manage/indexImg/selectList HTTP/1.1" 200 19337 http-bio-8080-exec-4 13
127.0.0.1 - - [11/Jan/2022:12:44:52 +0800] "GET //resource/images/portrait.jpg HTTP/1.1" 404 - http-bio-8080-exec-10 0
0:0:0:0:0:0:0:1 - - [11/Jan/2022:12:45:17 +0800] "POST /enterprise/resource/kindeditor/jsp/upload_json.jsp?dir=image HTTP/1.1" 200 100 http-bio-8080-exec-4 14
0:0:0:0:0:0:0:1 - - [11/Jan/2022:12:46:08 +0800] "POST /enterprise/manage/indexImg/insert HTTP/1.1" 302 - http-bio-8080-exec-4 19
0:0:0:0:0:0:0:1 - - [11/Jan/2022:12:46:08 +0800] "GET /enterprise/manage/indexImg/selectList HTTP/1.1" 200 19940 http-bio-8080-exec-4 13
127.0.0.1 - - [11/Jan/2022:12:46:08 +0800] "GET //resource/images/portrait.jpg HTTP/1.1" 404 - http-bio-8080-exec-2 0
127.0.0.1 - - [11/Jan/2022:12:46:08 +0800] "GET //enterprise/attached/image/20220111/20220111124517_56.jpg HTTP/1.1" 200 207407 http-bio-8080-exec-9 5
127.0.0.1 - - [11/Jan/2022:12:46:15 +0800] "GET //enterprise/attached/image/20220111/20220111124517_56.jpg HTTP/1.1" 200 207407 http-bio-8080-exec-9 3
127.0.0.1 - - [11/Jan/2022:12:46:16 +0800] "GET /favicon.ico HTTP/1.1" 404 - http-bio-8080-exec-9 0
127.0.0.1 - - [11/Jan/2022:12:46:25 +0800] "GET //enterprise/attached/image/20220111/20220111124517_56.jpg HTTP/1.1" 304 - http-bio-8080-exec-9 6
0:0:0:0:0:0:0:1 - - [11/Jan/2022:12:46:39 +0800] "GET /enterprise/index HTTP/1.1" 200 8749 http-bio-8080-exec-4 5
127.0.0.1 - - [11/Jan/2022:12:46:39 +0800] "GET //enterprise/attached/image/20211225/20211225134506_922.png HTTP/1.1" 404 1305 http-bio-8080-exec-9 4
127.0.0.1 - - [11/Jan/2022:12:46:39 +0800] "GET ///enterprise/attached/image/20220111/20220111124517_56.jpg HTTP/1.1" 200 207407 http-bio-8080-exec-2 2
0:0:0:0:0:0:0:1 - - [11/Jan/2022:12:46:52 +0800] "GET /enterprise HTTP/1.1" 302 - http-bio-8080-exec-4 0
0:0:0:0:0:0:0:1 - - [11/Jan/2022:12:46:52 +0800] "GET /enterprise/ HTTP/1.1" 200 8749 http-bio-8080-exec-4 5
127.0.0.1 - - [11/Jan/2022:12:46:52 +0800] "GET //enterprise/attached/image/20211225/20211225134506_922.png HTTP/1.1" 404 1305 http-bio-8080-exec-1 4
0:0:0:0:0:0:0:1 - - [11/Jan/2022:12:47:22 +0800] "GET /enterprise/ HTTP/1.1" 200 8749 http-bio-8080-exec-4 5
0:0:0:0:0:0:0:1 - - [11/Jan/2022:12:47:22 +0800] "GET /enterprise/resource/css/style.css HTTP/1.1" 200 4289 http-bio-8080-exec-4 5
0:0:0:0:0:0:0:1 - - [11/Jan/2022:12:47:22 +0800] "GET /enterprise/resource/js/jquery.SuperSlide.2.1.1.js HTTP/1.1" 200 11422 http-bio-8080-exec-2 5
0:0:0:0:0:0:0:1 - - [11/Jan/2022:12:47:22 +0800] "GET /enterprise/resource/js/jquery-1.9.1.min.js HTTP/1.1" 200 92633 http-bio-8080-exec-8 6
0:0:0:0:0:0:0:1 - - [11/Jan/2022:12:47:22 +0800] "GET /enterprise/resource/swiper/css/swiper.min.css HTTP/1.1" 200 17775 http-bio-8080-exec-8 4
0:0:0:0:0:0:0:1 - - [11/Jan/2022:12:47:22 +0800] "GET /enterprise/resource/swiper/js/ups.js HTTP/1.1" 200 1089 http-bio-8080-exec-3 3
0:0:0:0:0:0:0:1 - - [11/Jan/2022:12:47:22 +0800] "GET /enterprise/resource/swiper/js/swiper.min.js HTTP/1.1" 200 96227 http-bio-8080-exec-4 3
0:0:0:0:0:0:0:1 - - [11/Jan/2022:12:47:22 +0800] "GET /enterprise/resource/swiper/css/ups.css HTTP/1.1" 200 3423 http-bio-8080-exec-6 3
0:0:0:0:0:0:0:1 - - [11/Jan/2022:12:47:22 +0800] "GET /enterprise/resource/swiper/css/font.css HTTP/1.1" 200 145483 http-bio-8080-exec-9 5
127.0.0.1 - - [11/Jan/2022:12:47:22 +0800] "GET ///enterprise/attached/image/20220111/20220111124517_56.jpg HTTP/1.1" 200 207407 http-bio-8080-exec-8 4
127.0.0.1 - - [11/Jan/2022:12:47:22 +0800] "GET //enterprise/attached/image/20211225/20211225134506_922.png HTTP/1.1" 404 1305 http-bio-8080-exec-1 6
127.0.0.1 - - [11/Jan/2022:12:47:22 +0800] "GET ///enterprise/attached/image/20220111/20220111123935_983.jpg HTTP/1.1" 200 314836 http-bio-8080-exec-8 3
127.0.0.1 - - [11/Jan/2022:12:47:22 +0800] "GET ///enterprise/attached/image/20220111/20220111123858_225.jpg HTTP/1.1" 200 856516 http-bio-8080-exec-5 7
0:0:0:0:0:0:0:1 - - [11/Jan/2022:12:47:22 +0800] "GET /enterprise/ HTTP/1.1" 200 8749 http-bio-8080-exec-9 4
0:0:0:0:0:0:0:1 - - [11/Jan/2022:12:47:22 +0800] "GET /enterprise/resource/js/jquery.SuperSlide.2.1.1.js HTTP/1.1" 200 11422 http-bio-8080-exec-3 4
0:0:0:0:0:0:0:1 - - [11/Jan/2022:12:47:22 +0800] "GET /enterprise/resource/css/style.css HTTP/1.1" 200 4289 http-bio-8080-exec-9 4
0:0:0:0:0:0:0:1 - - [11/Jan/2022:12:47:22 +0800] "GET /enterprise/resource/js/jquery-1.9.1.min.js HTTP/1.1" 200 92633 http-bio-8080-exec-7 4
0:0:0:0:0:0:0:1 - - [11/Jan/2022:12:47:22 +0800] "GET /enterprise/resource/swiper/css/swiper.min.css HTTP/1.1" 200 17775 http-bio-8080-exec-7 3
0:0:0:0:0:0:0:1 - - [11/Jan/2022:12:47:22 +0800] "GET /enterprise/resource/swiper/js/swiper.min.js HTTP/1.1" 200 96227 http-bio-8080-exec-3 3
0:0:0:0:0:0:0:1 - - [11/Jan/2022:12:47:22 +0800] "GET /enterprise/resource/swiper/css/font.css HTTP/1.1" 200 145483 http-bio-8080-exec-9 3
0:0:0:0:0:0:0:1 - - [11/Jan/2022:12:47:22 +0800] "GET /enterprise/resource/swiper/css/ups.css HTTP/1.1" 200 3423 http-bio-8080-exec-6 3
0:0:0:0:0:0:0:1 - - [11/Jan/2022:12:47:22 +0800] "GET /enterprise/resource/swiper/js/ups.js HTTP/1.1" 200 1089 http-bio-8080-exec-4 2
127.0.0.1 - - [11/Jan/2022:12:47:22 +0800] "GET //enterprise/attached/image/20211225/20211225134506_922.png HTTP/1.1" 404 1305 http-bio-8080-exec-10 3
127.0.0.1 - - [11/Jan/2022:12:47:22 +0800] "GET ///enterprise/attached/image/20220111/20220111124517_56.jpg HTTP/1.1" 200 207407 http-bio-8080-exec-2 3
127.0.0.1 - - [11/Jan/2022:12:47:22 +0800] "GET ///enterprise/attached/image/20220111/20220111123858_225.jpg HTTP/1.1" 200 856516 http-bio-8080-exec-6 6
127.0.0.1 - - [11/Jan/2022:12:47:22 +0800] "GET ///enterprise/attached/image/20220111/20220111123935_983.jpg HTTP/1.1" 200 314836 http-bio-8080-exec-1 2
0:0:0:0:0:0:0:1 - - [11/Jan/2022:12:47:22 +0800] "GET /enterprise/ HTTP/1.1" 200 8749 http-bio-8080-exec-9 1
0:0:0:0:0:0:0:1 - - [11/Jan/2022:12:47:22 +0800] "GET /enterprise/resource/js/jquery.SuperSlide.2.1.1.js HTTP/1.1" 200 11422 http-bio-8080-exec-7 2
0:0:0:0:0:0:0:1 - - [11/Jan/2022:12:47:22 +0800] "GET /enterprise/resource/css/style.css HTTP/1.1" 200 4289 http-bio-8080-exec-11 3
0:0:0:0:0:0:0:1 - - [11/Jan/2022:12:47:22 +0800] "GET /enterprise/resource/js/jquery-1.9.1.min.js HTTP/1.1" 200 92633 http-bio-8080-exec-3 3
0:0:0:0:0:0:0:1 - - [11/Jan/2022:12:47:22 +0800] "GET /enterprise/resource/swiper/css/swiper.min.css HTTP/1.1" 200 17775 http-bio-8080-exec-5 3
0:0:0:0:0:0:0:1 - - [11/Jan/2022:12:47:22 +0800] "GET /enterprise/resource/swiper/css/font.css HTTP/1.1" 200 145483 http-bio-8080-exec-11 3
0:0:0:0:0:0:0:1 - - [11/Jan/2022:12:47:22 +0800] "GET /enterprise/resource/swiper/js/swiper.min.js HTTP/1.1" 200 96227 http-bio-8080-exec-7 3
0:0:0:0:0:0:0:1 - - [11/Jan/2022:12:47:22 +0800] "GET /enterprise/resource/swiper/js/ups.js HTTP/1.1" 200 1089 http-bio-8080-exec-4 2
0:0:0:0:0:0:0:1 - - [11/Jan/2022:12:47:22 +0800] "GET /enterprise/resource/swiper/css/ups.css HTTP/1.1" 200 3423 http-bio-8080-exec-8 2
127.0.0.1 - - [11/Jan/2022:12:47:22 +0800] "GET //enterprise/attached/image/20211225/20211225134506_922.png HTTP/1.1" 404 1305 http-bio-8080-exec-1 2
127.0.0.1 - - [11/Jan/2022:12:47:22 +0800] "GET ///enterprise/attached/image/20220111/20220111124517_56.jpg HTTP/1.1" 200 207407 http-bio-8080-exec-10 2
127.0.0.1 - - [11/Jan/2022:12:47:22 +0800] "GET ///enterprise/attached/image/20220111/20220111123858_225.jpg HTTP/1.1" 200 856516 http-bio-8080-exec-4 4
127.0.0.1 - - [11/Jan/2022:12:47:22 +0800] "GET ///enterprise/attached/image/20220111/20220111123935_983.jpg HTTP/1.1" 200 314836 http-bio-8080-exec-3 2
0:0:0:0:0:0:0:1 - - [11/Jan/2022:12:47:23 +0800] "GET /enterprise/ HTTP/1.1" 200 8749 http-bio-8080-exec-8 3
0:0:0:0:0:0:0:1 - - [11/Jan/2022:12:47:23 +0800] "GET /enterprise/resource/js/jquery.SuperSlide.2.1.1.js HTTP/1.1" 200 11422 http-bio-8080-exec-7 2
0:0:0:0:0:0:0:1 - - [11/Jan/2022:12:47:23 +0800] "GET /enterprise/resource/css/style.css HTTP/1.1" 200 4289 http-bio-8080-exec-8 2
0:0:0:0:0:0:0:1 - - [11/Jan/2022:12:47:23 +0800] "GET /enterprise/resource/js/jquery-1.9.1.min.js HTTP/1.1" 200 92633 http-bio-8080-exec-11 2
0:0:0:0:0:0:0:1 - - [11/Jan/2022:12:47:23 +0800] "GET /enterprise/resource/swiper/css/ups.css HTTP/1.1" 200 3423 http-bio-8080-exec-5 2
0:0:0:0:0:0:0:1 - - [11/Jan/2022:12:47:23 +0800] "GET /enterprise/resource/swiper/css/swiper.min.css HTTP/1.1" 200 17775 http-bio-8080-exec-8 3
0:0:0:0:0:0:0:1 - - [11/Jan/2022:12:47:23 +0800] "GET /enterprise/resource/swiper/css/font.css HTTP/1.1" 200 145483 http-bio-8080-exec-13 3
0:0:0:0:0:0:0:1 - - [11/Jan/2022:12:47:23 +0800] "GET /enterprise/resource/swiper/js/swiper.min.js HTTP/1.1" 200 96227 http-bio-8080-exec-12 4
0:0:0:0:0:0:0:1 - - [11/Jan/2022:12:47:23 +0800] "GET /enterprise/resource/swiper/js/ups.js HTTP/1.1" 200 1089 http-bio-8080-exec-9 3
127.0.0.1 - - [11/Jan/2022:12:47:23 +0800] "GET //enterprise/attached/image/20211225/20211225134506_922.png HTTP/1.1" 404 1305 http-bio-8080-exec-10 2
127.0.0.1 - - [11/Jan/2022:12:47:23 +0800] "GET ///enterprise/attached/image/20220111/20220111124517_56.jpg HTTP/1.1" 200 207407 http-bio-8080-exec-6 2
127.0.0.1 - - [11/Jan/2022:12:47:23 +0800] "GET ///enterprise/attached/image/20220111/20220111123858_225.jpg HTTP/1.1" 200 856516 http-bio-8080-exec-11 8
127.0.0.1 - - [11/Jan/2022:12:47:23 +0800] "GET ///enterprise/attached/image/20220111/20220111123935_983.jpg HTTP/1.1" 200 314836 http-bio-8080-exec-7 2
0:0:0:0:0:0:0:1 - - [11/Jan/2022:12:47:23 +0800] "GET /enterprise/ HTTP/1.1" 200 8749 http-bio-8080-exec-13 3
0:0:0:0:0:0:0:1 - - [11/Jan/2022:12:47:23 +0800] "GET /enterprise/resource/css/style.css HTTP/1.1" 200 4289 http-bio-8080-exec-13 2
0:0:0:0:0:0:0:1 - - [11/Jan/2022:12:47:23 +0800] "GET /enterprise/resource/js/jquery.SuperSlide.2.1.1.js HTTP/1.1" 200 11422 http-bio-8080-exec-12 2
0:0:0:0:0:0:0:1 - - [11/Jan/2022:12:47:23 +0800] "GET /enterprise/resource/js/jquery-1.9.1.min.js HTTP/1.1" 200 92633 http-bio-8080-exec-9 2
0:0:0:0:0:0:0:1 - - [11/Jan/2022:12:47:23 +0800] "GET /enterprise/resource/swiper/css/swiper.min.css HTTP/1.1" 200 17775 http-bio-8080-exec-9 3
0:0:0:0:0:0:0:1 - - [11/Jan/2022:12:47:23 +0800] "GET /enterprise/resource/swiper/css/ups.css HTTP/1.1" 200 3423 http-bio-8080-exec-5 3
0:0:0:0:0:0:0:1 - - [11/Jan/2022:12:47:23 +0800] "GET /enterprise/resource/swiper/js/ups.js HTTP/1.1" 200 1089 http-bio-8080-exec-8 3
0:0:0:0:0:0:0:1 - - [11/Jan/2022:12:47:23 +0800] "GET /enterprise/resource/swiper/js/swiper.min.js HTTP/1.1" 200 96227 http-bio-8080-exec-12 3
0:0:0:0:0:0:0:1 - - [11/Jan/2022:12:47:23 +0800] "GET /enterprise/resource/swiper/css/font.css HTTP/1.1" 200 145483 http-bio-8080-exec-13 3
127.0.0.1 - - [11/Jan/2022:12:47:23 +0800] "GET //enterprise/attached/image/20211225/20211225134506_922.png HTTP/1.1" 404 1305 http-bio-8080-exec-6 2
127.0.0.1 - - [11/Jan/2022:12:47:23 +0800] "GET ///enterprise/attached/image/20220111/20220111124517_56.jpg HTTP/1.1" 200 207407 http-bio-8080-exec-10 3
127.0.0.1 - - [11/Jan/2022:12:47:23 +0800] "GET ///enterprise/attached/image/20220111/20220111123935_983.jpg HTTP/1.1" 200 314836 http-bio-8080-exec-3 3
127.0.0.1 - - [11/Jan/2022:12:47:23 +0800] "GET ///enterprise/attached/image/20220111/20220111123858_225.jpg HTTP/1.1" 200 856516 http-bio-8080-exec-1 5
0:0:0:0:0:0:0:1 - - [11/Jan/2022:12:47:23 +0800] "GET /enterprise/ HTTP/1.1" 200 8749 http-bio-8080-exec-13 2
0:0:0:0:0:0:0:1 - - [11/Jan/2022:12:47:23 +0800] "GET /enterprise/resource/js/jquery.SuperSlide.2.1.1.js HTTP/1.1" 200 11422 http-bio-8080-exec-2 2
0:0:0:0:0:0:0:1 - - [11/Jan/2022:12:47:23 +0800] "GET /enterprise/resource/js/jquery-1.9.1.min.js HTTP/1.1" 200 92633 http-bio-8080-exec-12 2
0:0:0:0:0:0:0:1 - - [11/Jan/2022:12:47:23 +0800] "GET /enterprise/resource/css/style.css HTTP/1.1" 200 4289 http-bio-8080-exec-13 2
0:0:0:0:0:0:0:1 - - [11/Jan/2022:12:47:23 +0800] "GET /enterprise/resource/swiper/css/ups.css HTTP/1.1" 200 3423 http-bio-8080-exec-5 2
0:0:0:0:0:0:0:1 - - [11/Jan/2022:12:47:23 +0800] "GET /enterprise/resource/swiper/css/swiper.min.css HTTP/1.1" 200 17775 http-bio-8080-exec-2 2
0:0:0:0:0:0:0:1 - - [11/Jan/2022:12:47:23 +0800] "GET /enterprise/resource/swiper/js/ups.js HTTP/1.1" 200 1089 http-bio-8080-exec-9 1
0:0:0:0:0:0:0:1 - - [11/Jan/2022:12:47:23 +0800] "GET /enterprise/resource/swiper/js/swiper.min.js HTTP/1.1" 200 96227 http-bio-8080-exec-8 3
0:0:0:0:0:0:0:1 - - [11/Jan/2022:12:47:23 +0800] "GET /enterprise/resource/swiper/css/font.css HTTP/1.1" 200 145483 http-bio-8080-exec-12 3
127.0.0.1 - - [11/Jan/2022:12:47:23 +0800] "GET //enterprise/attached/image/20211225/20211225134506_922.png HTTP/1.1" 404 1305 http-bio-8080-exec-1 3
127.0.0.1 - - [11/Jan/2022:12:47:23 +0800] "GET ///enterprise/attached/image/20220111/20220111124517_56.jpg HTTP/1.1" 200 207407 http-bio-8080-exec-10 3
127.0.0.1 - - [11/Jan/2022:12:47:23 +0800] "GET ///enterprise/attached/image/20220111/20220111123858_225.jpg HTTP/1.1" 200 856516 http-bio-8080-exec-3 5
127.0.0.1 - - [11/Jan/2022:12:47:23 +0800] "GET ///enterprise/attached/image/20220111/20220111123935_983.jpg HTTP/1.1" 200 314836 http-bio-8080-exec-7 2
0:0:0:0:0:0:0:1 - - [11/Jan/2022:12:47:24 +0800] "GET /enterprise/ HTTP/1.1" 200 8749 http-bio-8080-exec-12 2
0:0:0:0:0:0:0:1 - - [11/Jan/2022:12:47:24 +0800] "GET /enterprise/resource/js/jquery.SuperSlide.2.1.1.js HTTP/1.1" 200 11422 http-bio-8080-exec-2 3
0:0:0:0:0:0:0:1 - - [11/Jan/2022:12:47:24 +0800] "GET /enterprise/resource/css/style.css HTTP/1.1" 200 4289 http-bio-8080-exec-12 4
0:0:0:0:0:0:0:1 - - [11/Jan/2022:12:47:24 +0800] "GET /enterprise/resource/js/jquery-1.9.1.min.js HTTP/1.1" 200 92633 http-bio-8080-exec-8 4
0:0:0:0:0:0:0:1 - - [11/Jan/2022:12:47:24 +0800] "GET /enterprise/resource/swiper/js/ups.js HTTP/1.1" 200 1089 http-bio-8080-exec-5 3
0:0:0:0:0:0:0:1 - - [11/Jan/2022:12:47:24 +0800] "GET /enterprise/resource/swiper/css/swiper.min.css HTTP/1.1" 200 17775 http-bio-8080-exec-11 4
0:0:0:0:0:0:0:1 - - [11/Jan/2022:12:47:24 +0800] "GET /enterprise/resource/swiper/css/font.css HTTP/1.1" 200 145483 http-bio-8080-exec-2 3
0:0:0:0:0:0:0:1 - - [11/Jan/2022:12:47:24 +0800] "GET /enterprise/resource/swiper/css/ups.css HTTP/1.1" 200 3423 http-bio-8080-exec-9 3
0:0:0:0:0:0:0:1 - - [11/Jan/2022:12:47:24 +0800] "GET /enterprise/resource/swiper/js/swiper.min.js HTTP/1.1" 200 96227 http-bio-8080-exec-12 3
127.0.0.1 - - [11/Jan/2022:12:47:24 +0800] "GET //enterprise/attached/image/20211225/20211225134506_922.png HTTP/1.1" 404 1305 http-bio-8080-exec-13 1
127.0.0.1 - - [11/Jan/2022:12:47:24 +0800] "GET ///enterprise/attached/image/20220111/20220111124517_56.jpg HTTP/1.1" 200 207407 http-bio-8080-exec-3 2
127.0.0.1 - - [11/Jan/2022:12:47:24 +0800] "GET ///enterprise/attached/image/20220111/20220111123935_983.jpg HTTP/1.1" 200 314836 http-bio-8080-exec-10 2
127.0.0.1 - - [11/Jan/2022:12:47:24 +0800] "GET ///enterprise/attached/image/20220111/20220111123858_225.jpg HTTP/1.1" 200 856516 http-bio-8080-exec-2 5
0:0:0:0:0:0:0:1 - - [11/Jan/2022:12:47:25 +0800] "GET /enterprise/ HTTP/1.1" 200 8749 http-bio-8080-exec-1 2
0:0:0:0:0:0:0:1 - - [11/Jan/2022:12:47:25 +0800] "GET /enterprise/resource/js/jquery-1.9.1.min.js HTTP/1.1" 200 92633 http-bio-8080-exec-12 2
0:0:0:0:0:0:0:1 - - [11/Jan/2022:12:47:25 +0800] "GET /enterprise/resource/js/jquery.SuperSlide.2.1.1.js HTTP/1.1" 200 11422 http-bio-8080-exec-5 2
0:0:0:0:0:0:0:1 - - [11/Jan/2022:12:47:25 +0800] "GET /enterprise/resource/css/style.css HTTP/1.1" 200 4289 http-bio-8080-exec-7 3
0:0:0:0:0:0:0:1 - - [11/Jan/2022:12:47:25 +0800] "GET /enterprise/resource/swiper/css/swiper.min.css HTTP/1.1" 200 17775 http-bio-8080-exec-5 1
0:0:0:0:0:0:0:1 - - [11/Jan/2022:12:47:25 +0800] "GET /enterprise/resource/swiper/js/swiper.min.js HTTP/1.1" 200 96227 http-bio-8080-exec-7 4
0:0:0:0:0:0:0:1 - - [11/Jan/2022:12:47:25 +0800] "GET /enterprise/resource/swiper/css/ups.css HTTP/1.1" 200 3423 http-bio-8080-exec-9 2
0:0:0:0:0:0:0:1 - - [11/Jan/2022:12:47:25 +0800] "GET /enterprise/resource/swiper/css/font.css HTTP/1.1" 200 145483 http-bio-8080-exec-4 2
0:0:0:0:0:0:0:1 - - [11/Jan/2022:12:47:25 +0800] "GET /enterprise/resource/swiper/js/ups.js HTTP/1.1" 200 1089 http-bio-8080-exec-11 3
127.0.0.1 - - [11/Jan/2022:12:47:25 +0800] "GET //enterprise/attached/image/20211225/20211225134506_922.png HTTP/1.1" 404 1305 http-bio-8080-exec-3 2
127.0.0.1 - - [11/Jan/2022:12:47:25 +0800] "GET ///enterprise/attached/image/20220111/20220111124517_56.jpg HTTP/1.1" 200 207407 http-bio-8080-exec-13 2
127.0.0.1 - - [11/Jan/2022:12:47:25 +0800] "GET ///enterprise/attached/image/20220111/20220111123935_983.jpg HTTP/1.1" 200 314836 http-bio-8080-exec-12 3
127.0.0.1 - - [11/Jan/2022:12:47:25 +0800] "GET ///enterprise/attached/image/20220111/20220111123858_225.jpg HTTP/1.1" 200 856516 http-bio-8080-exec-1 5
0:0:0:0:0:0:0:1 - - [11/Jan/2022:12:47:25 +0800] "GET /enterprise/ HTTP/1.1" 200 8749 http-bio-8080-exec-4 2
0:0:0:0:0:0:0:1 - - [11/Jan/2022:12:47:25 +0800] "GET /enterprise/resource/css/style.css HTTP/1.1" 200 4289 http-bio-8080-exec-4 4
0:0:0:0:0:0:0:1 - - [11/Jan/2022:12:47:25 +0800] "GET /enterprise/resource/js/jquery.SuperSlide.2.1.1.js HTTP/1.1" 200 11422 http-bio-8080-exec-11 4
0:0:0:0:0:0:0:1 - - [11/Jan/2022:12:47:25 +0800] "GET /enterprise/resource/js/jquery-1.9.1.min.js HTTP/1.1" 200 92633 http-bio-8080-exec-7 4
0:0:0:0:0:0:0:1 - - [11/Jan/2022:12:47:25 +0800] "GET /enterprise/resource/swiper/css/ups.css HTTP/1.1" 200 3423 http-bio-8080-exec-9 2
0:0:0:0:0:0:0:1 - - [11/Jan/2022:12:47:25 +0800] "GET /enterprise/resource/swiper/css/swiper.min.css HTTP/1.1" 200 17775 http-bio-8080-exec-8 2
0:0:0:0:0:0:0:1 - - [11/Jan/2022:12:47:25 +0800] "GET /enterprise/resource/swiper/js/swiper.min.js HTTP/1.1" 200 96227 http-bio-8080-exec-11 2
0:0:0:0:0:0:0:1 - - [11/Jan/2022:12:47:25 +0800] "GET /enterprise/resource/swiper/js/ups.js HTTP/1.1" 200 1089 http-bio-8080-exec-5 1
0:0:0:0:0:0:0:1 - - [11/Jan/2022:12:47:25 +0800] "GET /enterprise/resource/swiper/css/font.css HTTP/1.1" 200 145483 http-bio-8080-exec-4 2
127.0.0.1 - - [11/Jan/2022:12:47:25 +0800] "GET //enterprise/attached/image/20211225/20211225134506_922.png HTTP/1.1" 404 1305 http-bio-8080-exec-1 1
127.0.0.1 - - [11/Jan/2022:12:47:25 +0800] "GET ///enterprise/attached/image/20220111/20220111124517_56.jpg HTTP/1.1" 200 207407 http-bio-8080-exec-12 1
127.0.0.1 - - [11/Jan/2022:12:47:25 +0800] "GET ///enterprise/attached/image/20220111/20220111123858_225.jpg HTTP/1.1" 200 856516 http-bio-8080-exec-8 4
127.0.0.1 - - [11/Jan/2022:12:47:25 +0800] "GET ///enterprise/attached/image/20220111/20220111123935_983.jpg HTTP/1.1" 200 314836 http-bio-8080-exec-7 1
0:0:0:0:0:0:0:1 - - [11/Jan/2022:12:47:25 +0800] "GET /enterprise/ HTTP/1.1" 200 8749 http-bio-8080-exec-4 2
0:0:0:0:0:0:0:1 - - [11/Jan/2022:12:47:25 +0800] "GET /enterprise/resource/css/style.css HTTP/1.1" 200 4289 http-bio-8080-exec-4 1
0:0:0:0:0:0:0:1 - - [11/Jan/2022:12:47:25 +0800] "GET /enterprise/resource/js/jquery-1.9.1.min.js HTTP/1.1" 200 92633 http-bio-8080-exec-5 2
0:0:0:0:0:0:0:1 - - [11/Jan/2022:12:47:25 +0800] "GET /enterprise/resource/js/jquery.SuperSlide.2.1.1.js HTTP/1.1" 200 11422 http-bio-8080-exec-11 2
0:0:0:0:0:0:0:1 - - [11/Jan/2022:12:47:25 +0800] "GET /enterprise/resource/swiper/css/ups.css HTTP/1.1" 200 3423 http-bio-8080-exec-6 1
0:0:0:0:0:0:0:1 - - [11/Jan/2022:12:47:25 +0800] "GET /enterprise/resource/swiper/js/swiper.min.js HTTP/1.1" 200 96227 http-bio-8080-exec-5 1
0:0:0:0:0:0:0:1 - - [11/Jan/2022:12:47:25 +0800] "GET /enterprise/resource/swiper/css/font.css HTTP/1.1" 200 145483 http-bio-8080-exec-4 1
0:0:0:0:0:0:0:1 - - [11/Jan/2022:12:47:25 +0800] "GET /enterprise/resource/swiper/css/swiper.min.css HTTP/1.1" 200 17775 http-bio-8080-exec-11 1
0:0:0:0:0:0:0:1 - - [11/Jan/2022:12:47:25 +0800] "GET /enterprise/resource/swiper/js/ups.js HTTP/1.1" 200 1089 http-bio-8080-exec-9 1
127.0.0.1 - - [11/Jan/2022:12:47:25 +0800] "GET //enterprise/attached/image/20211225/20211225134506_922.png HTTP/1.1" 404 1305 http-bio-8080-exec-12 3
127.0.0.1 - - [11/Jan/2022:12:47:25 +0800] "GET ///enterprise/attached/image/20220111/20220111124517_56.jpg HTTP/1.1" 200 207407 http-bio-8080-exec-13 3
127.0.0.1 - - [11/Jan/2022:12:47:25 +0800] "GET ///enterprise/attached/image/20220111/20220111123935_983.jpg HTTP/1.1" 200 314836 http-bio-8080-exec-7 2
127.0.0.1 - - [11/Jan/2022:12:47:25 +0800] "GET ///enterprise/attached/image/20220111/20220111123858_225.jpg HTTP/1.1" 200 856516 http-bio-8080-exec-3 4
127.0.0.1 - - [11/Jan/2022:12:47:34 +0800] "GET //enterprise/attached/image/20211225/20211225134424_173.png HTTP/1.1" 404 1305 http-bio-8080-exec-3 6
0:0:0:0:0:0:0:1 - - [11/Jan/2022:12:47:50 +0800] "GET /enterprise/article HTTP/1.1" 200 7866 http-bio-8080-exec-2 70
127.0.0.1 - - [11/Jan/2022:12:47:50 +0800] "GET //enterprise/attached/image/20211225/20211225134506_922.png HTTP/1.1" 404 1305 http-bio-8080-exec-7 3
0:0:0:0:0:0:0:1 - - [11/Jan/2022:12:47:54 +0800] "GET /enterprise/article HTTP/1.1" 200 7866 http-bio-8080-exec-2 13
127.0.0.1 - - [11/Jan/2022:12:47:54 +0800] "GET //enterprise/attached/image/20211225/20211225134506_922.png HTTP/1.1" 404 1305 http-bio-8080-exec-13 4
0:0:0:0:0:0:0:1 - - [11/Jan/2022:12:47:57 +0800] "GET /enterprise/index HTTP/1.1" 200 8749 http-bio-8080-exec-2 4
127.0.0.1 - - [11/Jan/2022:12:47:57 +0800] "GET //enterprise/attached/image/20211225/20211225134506_922.png HTTP/1.1" 404 1305 http-bio-8080-exec-3 6
0:0:0:0:0:0:0:1 - - [11/Jan/2022:12:48:02 +0800] "GET /enterprise/article HTTP/1.1" 200 7866 http-bio-8080-exec-2 13
127.0.0.1 - - [11/Jan/2022:12:48:02 +0800] "GET //enterprise/attached/image/20211225/20211225134506_922.png HTTP/1.1" 404 1305 http-bio-8080-exec-7 7
0:0:0:0:0:0:0:1 - - [11/Jan/2022:12:48:19 +0800] "GET /enterprise/article/18 HTTP/1.1" 200 9132 http-bio-8080-exec-2 1332
127.0.0.1 - - [11/Jan/2022:12:48:19 +0800] "GET //enterprise/attached/image/20211225/20211225134506_922.png HTTP/1.1" 404 1305 http-bio-8080-exec-13 6
0:0:0:0:0:0:0:1 - - [11/Jan/2022:12:48:23 +0800] "GET /enterprise/article/ZhiNenYiBiao HTTP/1.1" 200 7989 http-bio-8080-exec-2 18
127.0.0.1 - - [11/Jan/2022:12:48:23 +0800] "GET //enterprise/attached/image/20211225/20211225134506_922.png HTTP/1.1" 404 1305 http-bio-8080-exec-3 1
0:0:0:0:0:0:0:1 - - [11/Jan/2022:12:48:26 +0800] "GET /enterprise/article/ShuJuYuanChuan HTTP/1.1" 200 6904 http-bio-8080-exec-2 9
127.0.0.1 - - [11/Jan/2022:12:48:26 +0800] "GET //enterprise/attached/image/20211225/20211225134506_922.png HTTP/1.1" 404 1305 http-bio-8080-exec-3 2
0:0:0:0:0:0:0:1 - - [11/Jan/2022:12:48:31 +0800] "GET /enterprise/article/ZhiNenYiBiao HTTP/1.1" 200 7989 http-bio-8080-exec-2 11
127.0.0.1 - - [11/Jan/2022:12:48:31 +0800] "GET //enterprise/attached/image/20211225/20211225134506_922.png HTTP/1.1" 404 1305 http-bio-8080-exec-4 6
0:0:0:0:0:0:0:1 - - [11/Jan/2022:12:48:34 +0800] "GET /enterprise/article/ZhiNenYiBiao HTTP/1.1" 200 7989 http-bio-8080-exec-2 13
127.0.0.1 - - [11/Jan/2022:12:48:34 +0800] "GET //enterprise/attached/image/20211225/20211225134506_922.png HTTP/1.1" 404 1305 http-bio-8080-exec-12 1
0:0:0:0:0:0:0:1 - - [11/Jan/2022:12:48:41 +0800] "GET /enterprise/article HTTP/1.1" 200 7867 http-bio-8080-exec-2 12
127.0.0.1 - - [11/Jan/2022:12:48:41 +0800] "GET //enterprise/attached/image/20211225/20211225134506_922.png HTTP/1.1" 404 1305 http-bio-8080-exec-9 3
0:0:0:0:0:0:0:1 - - [11/Jan/2022:12:48:45 +0800] "GET /enterprise/manage/user/login HTTP/1.1" 302 - http-bio-8080-exec-2 2
0:0:0:0:0:0:0:1 - - [11/Jan/2022:12:48:45 +0800] "GET /enterprise/manage/user/home HTTP/1.1" 200 22804 http-bio-8080-exec-2 4
127.0.0.1 - - [11/Jan/2022:12:48:48 +0800] "GET //resource/images/portrait.jpg HTTP/1.1" 404 - http-bio-8080-exec-5 0
0:0:0:0:0:0:0:1 - - [11/Jan/2022:12:48:59 +0800] "GET /enterprise/manage/article/selectList?init=y HTTP/1.1" 200 17915 http-bio-8080-exec-2 22
127.0.0.1 - - [11/Jan/2022:12:48:59 +0800] "GET //resource/images/portrait.jpg HTTP/1.1" 404 - http-bio-8080-exec-5 0
0:0:0:0:0:0:0:1 - - [11/Jan/2022:12:49:06 +0800] "GET /enterprise/manage/user/home HTTP/1.1" 200 22804 http-bio-8080-exec-2 5
127.0.0.1 - - [11/Jan/2022:12:49:06 +0800] "GET //resource/images/portrait.jpg HTTP/1.1" 404 - http-bio-8080-exec-5 0
127.0.0.1 - - [11/Jan/2022:12:49:11 +0800] "GET //enterprise/attached/image/20211225/20211225134506_922.png HTTP/1.1" 404 1305 http-bio-8080-exec-5 2
0:0:0:0:0:0:0:1 - - [11/Jan/2022:12:49:16 +0800] "GET /enterprise/contact HTTP/1.1" 200 8416 http-bio-8080-exec-2 23
127.0.0.1 - - [11/Jan/2022:12:49:17 +0800] "GET //enterprise/attached/image/20211225/20211225134506_922.png HTTP/1.1" 404 1305 http-bio-8080-exec-13 3
0:0:0:0:0:0:0:1 - - [11/Jan/2022:12:49:29 +0800] "GET /enterprise/article HTTP/1.1" 200 7867 http-bio-8080-exec-2 14
127.0.0.1 - - [11/Jan/2022:12:49:30 +0800] "GET //enterprise/attached/image/20211225/20211225134506_922.png HTTP/1.1" 404 1305 http-bio-8080-exec-9 4
0:0:0:0:0:0:0:1 - - [11/Jan/2022:12:49:38 +0800] "GET /enterprise/about HTTP/1.1" 200 6204 http-bio-8080-exec-2 13
127.0.0.1 - - [11/Jan/2022:12:49:38 +0800] "GET //enterprise/attached/image/20211225/20211225134506_922.png HTTP/1.1" 404 1305 http-bio-8080-exec-4 2
0:0:0:0:0:0:0:1 - - [11/Jan/2022:12:49:46 +0800] "GET /enterprise/article HTTP/1.1" 200 7867 http-bio-8080-exec-2 13
0:0:0:0:0:0:0:1 - - [11/Jan/2022:12:49:48 +0800] "GET /enterprise/about HTTP/1.1" 200 6204 http-bio-8080-exec-13 3
0:0:0:0:0:0:0:1 - - [11/Jan/2022:12:49:51 +0800] "GET /enterprise/index HTTP/1.1" 200 8749 http-bio-8080-exec-13 3
127.0.0.1 - - [11/Jan/2022:12:49:54 +0800] "GET //enterprise/attached/image/20211225/20211225134506_922.png HTTP/1.1" 404 1305 http-bio-8080-exec-11 3
127.0.0.1 - - [11/Jan/2022:12:49:54 +0800] "GET //enterprise/attached/image/20211225/20211225134506_922.png HTTP/1.1" 404 1305 http-bio-8080-exec-5 2
127.0.0.1 - - [11/Jan/2022:12:49:54 +0800] "GET //enterprise/attached/image/20211225/20211225134506_922.png HTTP/1.1" 404 1305 http-bio-8080-exec-4 3
0:0:0:0:0:0:0:1 - - [11/Jan/2022:12:49:56 +0800] "GET /enterprise/article HTTP/1.1" 200 7867 http-bio-8080-exec-13 11
127.0.0.1 - - [11/Jan/2022:12:49:56 +0800] "GET //enterprise/attached/image/20211225/20211225134506_922.png HTTP/1.1" 404 1305 http-bio-8080-exec-6 2
0:0:0:0:0:0:0:1 - - [11/Jan/2022:12:50:02 +0800] "GET /enterprise/service HTTP/1.1" 200 6165 http-bio-8080-exec-13 16
127.0.0.1 - - [11/Jan/2022:12:50:02 +0800] "GET //enterprise/attached/image/20211225/20211225134506_922.png HTTP/1.1" 404 1305 http-bio-8080-exec-12 3
0:0:0:0:0:0:0:1 - - [11/Jan/2022:12:50:08 +0800] "GET /enterprise/article HTTP/1.1" 200 7867 http-bio-8080-exec-13 12
127.0.0.1 - - [11/Jan/2022:12:50:08 +0800] "GET //enterprise/attached/image/20211225/20211225134506_922.png HTTP/1.1" 404 1305 http-bio-8080-exec-4 3
0:0:0:0:0:0:0:1 - - [11/Jan/2022:12:50:12 +0800] "GET /enterprise/service HTTP/1.1" 200 6165 http-bio-8080-exec-2 2
127.0.0.1 - - [11/Jan/2022:12:50:12 +0800] "GET //enterprise/attached/image/20211225/20211225134506_922.png HTTP/1.1" 404 1305 http-bio-8080-exec-6 3
0:0:0:0:0:0:0:1 - - [11/Jan/2022:12:50:14 +0800] "GET /enterprise/service/4 HTTP/1.1" 200 10033 http-bio-8080-exec-2 3
127.0.0.1 - - [11/Jan/2022:12:50:14 +0800] "GET //enterprise/attached/image/20211225/20211225134506_922.png HTTP/1.1" 404 1305 http-bio-8080-exec-12 2
0:0:0:0:0:0:0:1 - - [11/Jan/2022:15:51:40 +0800] "GET /enterprise HTTP/1.1" 302 - http-bio-8080-exec-1 0
0:0:0:0:0:0:0:1 - - [11/Jan/2022:15:51:40 +0800] "GET /enterprise/ HTTP/1.1" 200 8749 http-bio-8080-exec-3 366
127.0.0.1 - - [11/Jan/2022:15:51:41 +0800] "GET //enterprise/attached/image/20211225/20211225134506_922.png HTTP/1.1" 404 1305 http-bio-8080-exec-5 38
0:0:0:0:0:0:0:1 - - [11/Jan/2022:15:52:00 +0800] "GET /enterprise/resource/swiper/js/maps/swiper.min.js.map HTTP/1.1" 200 357801 http-bio-8080-exec-4 52
0:0:0:0:0:0:0:1 - - [11/Jan/2022:15:54:16 +0800] "GET /enterprise/ HTTP/1.1" 200 8749 http-bio-8080-exec-8 19
0:0:0:0:0:0:0:1 - - [11/Jan/2022:15:54:16 +0800] "GET /enterprise/resource/swiper/js/maps/swiper.min.js.map HTTP/1.1" 200 357801 http-bio-8080-exec-10 19
127.0.0.1 - - [11/Jan/2022:15:54:16 +0800] "GET //enterprise/attached/image/20211225/20211225134506_922.png HTTP/1.1" 404 1305 http-bio-8080-exec-3 21
0:0:0:0:0:0:0:1 - - [11/Jan/2022:15:57:26 +0800] "GET /enterprise/manage/indexImg/toEdit?id=32 HTTP/1.1" 200 14130 http-bio-8080-exec-6 179
0:0:0:0:0:0:0:1 - - [11/Jan/2022:15:57:26 +0800] "GET /enterprise/manage/user/logout HTTP/1.1" 200 4278 http-bio-8080-exec-6 40
0:0:0:0:0:0:0:1 - - [11/Jan/2022:15:57:26 +0800] "GET /enterprise/getVerificationCode HTTP/1.1" 200 2378 http-bio-8080-exec-6 388
0:0:0:0:0:0:0:1 - - [11/Jan/2022:15:57:26 +0800] "GET /favicon.ico HTTP/1.1" 404 - http-bio-8080-exec-6 0
0:0:0:0:0:0:0:1 - - [11/Jan/2022:15:57:41 +0800] "POST /enterprise/manage/user/login HTTP/1.1" 200 4293 http-bio-8080-exec-6 36
0:0:0:0:0:0:0:1 - - [11/Jan/2022:15:57:41 +0800] "GET /enterprise/getVerificationCode HTTP/1.1" 200 2415 http-bio-8080-exec-6 24
